******************************************************************************
                  TI ARM Linker PC v15.12.3                    
******************************************************************************
>> Linked Fri Dec 03 18:48:47 2021

OUTPUT FILE NAME:   <Milestone_1.out>
ENTRY POINT SYMBOL: "_c_int00"  address: 00006749


MEMORY CONFIGURATION

         name            origin    length      used     unused   attr    fill
----------------------  --------  ---------  --------  --------  ----  --------
  FLASH                 00000000   00040000  0000b932  000346ce  R  X
  SRAM                  20000000   00008000  00002c1e  000053e2  RW X


SEGMENT ALLOCATION MAP

run origin  load origin   length   init length attrs members
----------  ----------- ---------- ----------- ----- -------
00000000    00000000    0000b93c   0000b93c    r-x
  00000000    00000000    0000003c   0000003c    r-- .resetVecs
  00000040    00000040    0000850a   0000850a    r-x .text
  0000854c    0000854c    000027e0   000027e0    r-- .const
  0000ad30    0000ad30    00000c0c   00000c0c    r-- .cinit
20000000    20000000    00002c20   00000000    rw-
  20000000    20000000    00000360   00000000    rw- .vecs
  20000360    20000360    000016c4   00000000    rw- .bss
  20001a24    20001a24    00000dfa   00000000    rw- .data
  20002820    20002820    00000400   00000000    rw- .stack


SECTION ALLOCATION MAP

 output                                  attributes/
section   page    origin      length       input sections
--------  ----  ----------  ----------   ----------------
.text      0    00000040    0000850a     
                  00000040    00001110     rtsv7M4_T_le_v4SPD16_eabi.lib : _printfi.obj (.text)
                  00001150    00000430     sysbios.aem4f : BIOS.obj (.text:ti_sysbios_family_arm_m3_Hwi_excDumpRegs__I)
                  00001580    0000034c     ti.targets.arm.rtsarm.aem4f : System.oem4f (.text:xdc_runtime_System_doPrint__I)
                  000018cc    00000324     rtsv7M4_T_le_v4SPD16_eabi.lib : trgdrv.obj (.text)
                  00001bf0    000002e4     sysbios.aem4f : BIOS.obj (.text:ti_sysbios_knl_Semaphore_pend__E)
                  00001ed4    0000029c     main.obj (.text:adc_swiHandler)
                  00002170    00000260     main.obj (.text:Board_Init)
                  000023d0    00000254     sysbios.aem4f : BIOS.obj (.text:ti_sysbios_heaps_HeapMem_free__E)
                  00002624    00000004     driverlib.lib : timer.obj (.text:TimerIntClear)
                  00002628    00000248     sysbios.aem4f : BIOS.obj (.text:ti_sysbios_heaps_HeapMem_alloc__E)
                  00002870    00000200                   : BIOS.obj (.text:ti_sysbios_knl_Task_sleep__E)
                  00002a70    000001fc                   : BIOS.obj (.text:ti_sysbios_family_arm_m3_Hwi_excHandlerMax__I)
                  00002c6c    000001f4     rtsv7M4_T_le_v4SPD16_eabi.lib : ull_div_t2.obj (.text)
                  00002e60    000001b6                                   : fd_add_t2.obj (.text)
                  00003016    00000002                                   : i_div0.obj (.text)
                  00003018    00000180     main.obj (.text:sendErrorData_func)
                  00003198    00000174     sysbios.aem4f : BIOS.obj (.text:ti_sysbios_family_arm_m3_Hwi_excBusFault__I)
                  0000330c    00000168     main.obj (.text:audioTask_func)
                  00003474    00000004     driverlib.lib : uart.obj (.text:UARTIntClear)
                  00003478    00000164     sysbios.aem4f : BIOS.obj (.text:ti_sysbios_family_arm_m3_Hwi_excUsageFault__I)
                  000035dc    00000160     main.obj (.text:scanForBlackLine)
                  0000373c    00000004     empty_pem4f.oem4f (.text:ti_sysbios_BIOS_RtsGateProxy_enter__E)
                  00003740    00000148     sysbios.aem4f : BIOS.obj (.text:ti_sysbios_family_arm_m3_Hwi_excMemFault__I)
                  00003888    00000144                   : BIOS.obj (.text:ti_sysbios_family_arm_m3_Hwi_dispatchC__I)
                  000039cc    00000004     empty_pem4f.oem4f (.text:ti_sysbios_BIOS_RtsGateProxy_leave__E)
                  000039d0    00000140     sysbios.aem4f : BIOS.obj (.text:ti_sysbios_knl_Semaphore_post__E)
                  00003b10    0000013c                   : BIOS.obj (.text:ti_sysbios_heaps_HeapMem_Instance_init__E)
                  00003c4c    00000136     rtsv7M4_T_le_v4SPD16_eabi.lib : fd_div_t2.obj (.text)
                  00003d82    00000006     driverlib.lib : gpio.obj (.text:GPIOPinRead)
                  00003d88    00000134     sysbios.aem4f : BIOS.obj (.text:ti_sysbios_knl_Clock_workFunc__E)
                  00003ebc    00000130     driverlib.lib : gpio.obj (.text:GPIOPadConfigSet)
                  00003fec    00000004     sysbios.aem4f : BIOS.obj (.text:ti_sysbios_family_arm_lm4_Timer_masterEnable__I)
                  00003ff0    00000120                   : BIOS.obj (.text:ti_sysbios_family_arm_lm4_Timer_start__E)
                  00004110    0000011c                   : BIOS.obj (.text:ti_sysbios_knl_Swi_run__I)
                  0000422c    00000118     ti.targets.arm.rtsarm.aem4f : Error.oem4f (.text:xdc_runtime_Error_policyDefault__E)
                  00004344    0000010c     driverlib.lib : sysctl.obj (.text:SysCtlClockGet)
                  00004450    00000100     Boot.aem4f : Boot_sysctl.oem4f (.text:ti_catalog_arm_cortexm4_tiva_ce_Boot_sysCtlClockSetI__I)
                  00004550    00000100     ti.targets.arm.rtsarm.aem4f : Core-mem.oem4f (.text:xdc_runtime_Core_createObject__I)
                  00004650    000000fc     rtsv7M4_T_le_v4SPD16_eabi.lib : fd_mul_t2.obj (.text)
                  0000474c    000000fc                                   : s_scalbn.obj (.text)
                  00004848    000000f8     ti.targets.arm.rtsarm.aem4f : Startup.oem4f (.text:xdc_runtime_Startup_startMods__I)
                  00004940    000000f8     empty_pem4f.oem4f (.text:xdc_runtime_System_printfExtend__I)
                  00004a38    000000f4     sysbios.aem4f : m3_Hwi_asm.obj (.text:ti_sysbios_family_arm_m3_Hwi_dispatch__I)
                  00004b2c    000000e0     empty_pem4f.oem4f (.text:ti_uia_loggers_LoggerMin_write__E)
                  00004c0c    000000d8     commands.obj (.text:ReadFrontADCValue)
                  00004ce4    00000004     empty_pem4f.oem4f (.text:ti_sysbios_family_arm_m3_TaskSupport_Module__startupDone__S)
                  00004ce8    000000d8     sysbios.aem4f : BIOS.obj (.text:ti_sysbios_family_arm_lm4_TimestampProvider_get32__E)
                  00004dc0    000000cc                   : BIOS.obj (.text:ti_sysbios_knl_Task_schedule__I)
                  00004e8c    000000cc     ti.targets.arm.rtsarm.aem4f : Core-smem.oem4f (.text:xdc_runtime_Core_constructObject__I)
                  00004f58    000000bc     sysbios.aem4f : BIOS.obj (.text:ti_sysbios_family_arm_m3_Hwi_excDebugMon__I)
                  00005014    00000004     empty_pem4f.oem4f (.text:ti_sysbios_heaps_HeapMem_Module_GateProxy_enter__E)
                  00005018    000000bc     sysbios.aem4f : BIOS.obj (.text:ti_sysbios_family_arm_m3_Hwi_excHardFault__I)
                  000050d4    00000004     empty_pem4f.oem4f (.text:ti_sysbios_heaps_HeapMem_Module_GateProxy_leave__E)
                  000050d8    000000bc     sysbios.aem4f : BIOS.obj (.text:ti_sysbios_knl_Task_startCore__E)
                  00005194    00000004     empty_pem4f.oem4f (.text:ti_sysbios_knl_Clock_TimerProxy_getMaxTicks__E)
                  00005198    000000b4     sysbios.aem4f : BIOS.obj (.text:ti_sysbios_gates_GateMutex_enter__E)
                  0000524c    00000004     empty_pem4f.oem4f (.text:ti_sysbios_knl_Clock_TimerProxy_getPeriod__E)
                  00005250    000000b4     sysbios.aem4f : BIOS.obj (.text:ti_sysbios_knl_Task_checkStacks__E)
                  00005304    00000004     empty_pem4f.oem4f (.text:ti_sysbios_knl_Queue_destruct)
                  00005308    000000ac     sysbios.aem4f : BIOS.obj (.text:ti_sysbios_family_arm_lm4_Timer_enableTiva__I)
                  000053b4    00000004     empty_pem4f.oem4f (.text:ti_sysbios_knl_Semaphore_destruct)
                  000053b8    000000ac     sysbios.aem4f : BIOS.obj (.text:ti_sysbios_knl_Swi_post__E)
                  00005464    00000004     ti.targets.arm.rtsarm.aem4f : Error.oem4f (.text:xdc_runtime_Error_getSite__E)
                  00005468    000000a8     sysbios.aem4f : BIOS.obj (.text:ti_sysbios_family_arm_lm4_Timer_enableTimers__I)
                  00005510    000000a8                   : BIOS.obj (.text:ti_sysbios_knl_Task_blockI__E)
                  000055b8    000000a8                   : BIOS.obj (.text:ti_sysbios_knl_Task_postInit__I)
                  00005660    000000a0     auto_init.aem4f : auto_init.oem4f (.text)
                  00005700    000000a0     ti.targets.arm.rtsarm.aem4f : Text.oem4f (.text:xdc_runtime_Text_putMod__E)
                  000057a0    0000009c     rtsv7M4_T_le_v4SPD16_eabi.lib : memcpy_t2.obj (.text)
                  0000583c    00000004     empty_pem4f.oem4f (.text:xdc_runtime_System_Module_GateProxy_enter__E)
                  00005840    0000009c     sysbios.aem4f : BIOS.obj (.text:ti_sysbios_knl_Semaphore_Instance_init__E)
                  000058dc    0000009a     ti.targets.arm.rtsarm.aem4f : Text.oem4f (.text:xdc_runtime_Text_putSite__E)
                  00005976    00000002     empty_pem4f.oem4f (.text:ti_sysbios_BIOS_nullFunc__I)
                  00005978    00000098     Boot.aem4f : Boot.oem4f (.text:ti_catalog_arm_cortexm4_tiva_ce_Boot_sysCtlClockSet__E)
                  00005a10    00000094     sysbios.aem4f : BIOS.obj (.text:ti_sysbios_family_arm_m3_Hwi_initNVIC__E)
                  00005aa4    00000004     empty_pem4f.oem4f (.text:xdc_runtime_System_Module_GateProxy_leave__E)
                  00005aa8    00000094     sysbios.aem4f : BIOS.obj (.text:ti_sysbios_knl_Task_exit__E)
                  00005b3c    00000004     ti.targets.arm.rtsarm.aem4f : System.oem4f (.text:xdc_runtime_System_aprintf_va__F)
                  00005b40    00000090     sysbios.aem4f : BIOS.obj (.text:ti_sysbios_knl_Task_unblockI__E)
                  00005bd0    0000008c                   : m3_TaskSupport_asm.obj (.text:ti_sysbios_family_arm_m3_TaskSupport_buildTaskStack)
                  00005c5c    00000086     rtsv7M4_T_le_v4SPD16_eabi.lib : fd_cmp_t2.obj (.text:__aeabi_cdcmple)
                  00005ce2    00000086                                   : fd_cmp_t2.obj (.text:__aeabi_cdrcmple)
                  00005d68    00000084     sysbios.aem4f : BIOS.obj (.text:ti_sysbios_family_arm_m3_Hwi_postInit__I)
                  00005dec    0000007a     driverlib.lib : adc.obj (.text:ADCSequenceStepConfigure)
                  00005e66    0000007a     rtsv7M4_T_le_v4SPD16_eabi.lib : memset_t2.obj (.text)
                  00005ee0    0000006e                                   : fd_tos_t2.obj (.text)
                  00005f4e    00000002     ti.uia.loggers.aem4f : LoggerMin.oem4f (.text:ti_uia_loggers_LoggerMin_Instance_init__E)
                  00005f50    0000006d     ti.targets.arm.rtsarm.aem4f : System.oem4f (.text:xdc_runtime_System_formatNum__I)
                  00005fbd    00000001     --HOLE-- [fill = 0]
                  00005fbe    00000002     empty_pem4f.oem4f (.text:xdc_runtime_Startup_reset__I)
                  00005fc0    0000006c     sysbios.aem4f : BIOS.obj (.text:ti_sysbios_knl_Swi_restoreHwi__E)
                  0000602c    0000006c     main.obj (.text:uart_swiHandler)
                  00006098    0000006c     ti.targets.arm.rtsarm.aem4f : Error.oem4f (.text:xdc_runtime_Error_print__E)
                  00006104    0000006c                                 : Memory.oem4f (.text:xdc_runtime_Memory_alloc__E)
                  00006170    0000006a     rtsv7M4_T_le_v4SPD16_eabi.lib : copy_decompress_rle.obj (.text)
                  000061da    00000002     --HOLE-- [fill = 0]
                  000061dc    00000068     commands.obj (.text:motorLF)
                  00006244    00000068     commands.obj (.text:motorRF)
                  000062ac    00000068     rtsv7M4_T_le_v4SPD16_eabi.lib : trgmsg.obj (.text)
                  00006314    00000066     ti.targets.arm.rtsarm.aem4f : Core-mem.oem4f (.text:xdc_runtime_Core_deleteObject__I)
                  0000637a    00000002     --HOLE-- [fill = 0]
                  0000637c    00000064     commands.obj (.text:motorRS)
                  000063e0    00000064     rtsv7M4_T_le_v4SPD16_eabi.lib : s_frexp.obj (.text)
                  00006444    00000004     ti.targets.arm.rtsarm.aem4f : System.oem4f (.text:xdc_runtime_System_printf_va__F)
                  00006448    00000064     sysbios.aem4f : BIOS.obj (.text:ti_sysbios_family_arm_lm4_Timer_Module_startup__E)
                  000064ac    00000060     driverlib.lib : timer.obj (.text:TimerConfigure)
                  0000650c    00000060     rtsv7M4_T_le_v4SPD16_eabi.lib : sprintf.obj (.text)
                  0000656c    00000004     --HOLE-- [fill = 0]
                  00006570    00000060     sysbios.aem4f : BIOS.obj (.text:ti_sysbios_family_arm_lm4_Timer_isrStub__E)
                  000065d0    00000060                   : BIOS.obj (.text:ti_sysbios_knl_Clock_logTick__E)
                  00006630    0000005c                   : BIOS.obj (.text:ti_sysbios_knl_Swi_schedule__I)
                  0000668c    00000004     --HOLE-- [fill = 0]
                  00006690    0000005c                   : BIOS.obj (.text:ti_sysbios_knl_Task_Module_startup__E)
                  000066ec    0000005b     ti.targets.arm.rtsarm.aem4f : Text.oem4f (.text:xdc_runtime_Text_putLab__E)
                  00006747    00000001     --HOLE-- [fill = 0]
                  00006748    00000058     boot.aem4f : boot.oem4f (.text)
                  000067a0    00000058     commands.obj (.text:ReadSideADCValue)
                  000067f8    00000058     driverlib.lib : timer.obj (.text:TimerControlTrigger)
                  00006850    00000058     sysbios.aem4f : m3_Hwi_asm_switch.obj (.text:ti_sysbios_family_arm_m3_Hwi_initStacks__E)
                  000068a8    00000056     rtsv7M4_T_le_v4SPD16_eabi.lib : ltoa.obj (.text)
                  000068fe    00000002     --HOLE-- [fill = 0]
                  00006900    00000054                                   : exit.obj (.text)
                  00006954    00000054     ti.targets.arm.rtsarm.aem4f : Assert.oem4f (.text:xdc_runtime_Assert_raise__I)
                  000069a8    00000050     sysbios.aem4f : BIOS.obj (.text:ti_sysbios_family_arm_m3_Hwi_Module_startup__E)
                  000069f8    00000050     ti.targets.arm.rtsarm.aem4f : Startup.oem4f (.text:xdc_runtime_Startup_exec__E)
                  00006a48    00000050                                 : Text.oem4f (.text:xdc_runtime_Text_visitRope2__I)
                  00006a98    0000004c     commands.obj (.text:findCommandNum)
                  00006ae4    0000004c     rtsv7M4_T_le_v4SPD16_eabi.lib : atoi.obj (.text)
                  00006b30    0000004c                                   : cpy_tbl.obj (.text)
                  00006b7c    00000004     --HOLE-- [fill = 0]
                  00006b80    0000004c     sysbios.aem4f : BIOS.obj (.text:ti_sysbios_heaps_HeapMem_getStats__E)
                  00006bcc    00000004     --HOLE-- [fill = 0]
                  00006bd0    0000004c                   : BIOS.obj (.text:ti_sysbios_knl_Swi_runLoop__I)
                  00006c1c    00000004     --HOLE-- [fill = 0]
                  00006c20    0000004c                   : BIOS.obj (.text:ti_sysbios_knl_Task_allBlockedFunction__I)
                  00006c6c    00000048     driverlib.lib : gpio.obj (.text:GPIOPinConfigure)
                  00006cb4    00000048     rtsv7M4_T_le_v4SPD16_eabi.lib : fd_toi_t2.obj (.text)
                  00006cfc    00000004     --HOLE-- [fill = 0]
                  00006d00    00000048     sysbios.aem4f : BIOS.obj (.text:ti_sysbios_family_arm_m3_Hwi_disableInterrupt__E)
                  00006d48    00000048                   : BIOS.obj (.text:ti_sysbios_family_arm_m3_Hwi_enableInterrupt__E)
                  00006d90    00000048                   : BIOS.obj (.text:ti_sysbios_family_arm_m3_Hwi_excReserved__I)
                  00006dd8    00000046     ti.targets.arm.rtsarm.aem4f : Core-params.oem4f (.text:xdc_runtime_Core_assignParams__I)
                  00006e1e    00000002     --HOLE-- [fill = 0]
                  00006e20    00000044     sysbios.aem4f : BIOS.obj (.text:ti_sysbios_family_arm_m3_Hwi_getStackInfo__E)
                  00006e64    00000044     ti.targets.arm.rtsarm.aem4f : Error.oem4f (.text:xdc_runtime_Error_setX__E)
                  00006ea8    00000044                                 : SysMin.oem4f (.text:xdc_runtime_SysMin_flush__E)
                  00006eec    00000044                                 : Text.oem4f (.text:xdc_runtime_Text_xprintf__I)
                  00006f30    00000042     driverlib.lib : uart.obj (.text:UARTConfigSetExpClk)
                  00006f72    00000002     --HOLE-- [fill = 0]
                  00006f74    00000040     commands.obj (.text:InvalidCommand)
                  00006fb4    00000040     main.obj (.text:UART_handleInterrupt)
                  00006ff4    00000040     rtsv7M4_T_le_v4SPD16_eabi.lib : u_divt2.obj (.text)
                  00007034    00000004     --HOLE-- [fill = 0]
                  00007038    00000040     sysbios.aem4f : BIOS.obj (.text:ti_sysbios_family_arm_lm4_Timer_startup__E)
                  00007078    0000003e     driverlib.lib : adc.obj (.text:ADCSequenceConfigure)
                  000070b6    00000002     --HOLE-- [fill = 0]
                  000070b8    0000003c     sysbios.aem4f : BIOS.obj (.text:ti_sysbios_family_arm_m3_Hwi_excSvCall__I)
                  000070f4    00000004     --HOLE-- [fill = 0]
                  000070f8    0000003c                   : BIOS.obj (.text:ti_sysbios_heaps_HeapMem_init__I)
                  00007134    00000004     --HOLE-- [fill = 0]
                  00007138    0000003c                   : BIOS.obj (.text:ti_sysbios_knl_Swi_restore__E)
                  00007174    00000038     main.obj (.text:ADC_handleInterrupt)
                  000071ac    00000038     driverlib.lib : sysctl.obj (.text:SysCtlPeripheralReady)
                  000071e4    00000038     rtsv7M4_T_le_v4SPD16_eabi.lib : fs_tod_t2.obj (.text)
                  0000721c    00000004     --HOLE-- [fill = 0]
                  00007220    00000038     sysbios.aem4f : BIOS.obj (.text:ti_sysbios_family_arm_m3_Hwi_excNoIsr__I)
                  00007258    00000038                   : BIOS.obj (.text:ti_sysbios_knl_Task_processVitalTaskFlag__I)
                  00007290    00000038     ti.targets.arm.rtsarm.aem4f : SysMin.oem4f (.text:xdc_runtime_SysMin_putch__E)
                  000072c8    00000038                                 : System.oem4f (.text:xdc_runtime_System_atexit__E)
                  00007300    00000034     driverlib.lib : sysctl.obj (.text:SysCtlPeripheralEnable)
                  00007334    00000004     --HOLE-- [fill = 0]
                  00007338    00000034     sysbios.aem4f : BIOS.obj (.text:ti_sysbios_family_arm_m3_Hwi_excNmi__I)
                  0000736c    00000004     --HOLE-- [fill = 0]
                  00007370    00000034                   : BIOS.obj (.text:ti_sysbios_hal_Hwi_checkStack)
                  000073a4    00000034     ti.targets.arm.rtsarm.aem4f : Core-label.oem4f (.text:xdc_runtime_Core_assignLabel__I)
                  000073d8    00000033                                 : Text.oem4f (.text:xdc_runtime_Text_printVisFxn__I)
                  0000740b    00000005     --HOLE-- [fill = 0]
                  00007410    00000032     sysbios.aem4f : BIOS.obj (.text:ti_sysbios_hal_Hwi_initStack)
                  00007442    00000006     driverlib.lib : gpio.obj (.text:GPIOPinWrite)
                  00007448    00000032     sysbios.aem4f : BIOS.obj (.text:ti_sysbios_knl_Semaphore_pendTimeout__I)
                  0000747a    00000002     --HOLE-- [fill = 0]
                  0000747c    00000030     empty_pem4f.oem4f (.text:ti_sysbios_BIOS_atExitFunc__I)
                  000074ac    00000004     --HOLE-- [fill = 0]
                  000074b0    00000030     sysbios.aem4f : BIOS.obj (.text:ti_sysbios_family_arm_lm4_Timer_stop__E)
                  000074e0    00000030                   : BIOS.obj (.text:ti_sysbios_family_arm_m3_TaskSupport_start__E)
                  00007510    00000030     empty_pem4f.oem4f (.text:ti_sysbios_gates_GateHwi_Object__create__S)
                  00007540    00000030     empty_pem4f.oem4f (.text:ti_sysbios_gates_GateMutex_Object__create__S)
                  00007570    00000030     empty_pem4f.oem4f (.text:ti_sysbios_heaps_HeapMem_Object__create__S)
                  000075a0    00000030     empty_pem4f.oem4f (.text:ti_sysbios_knl_Semaphore_construct)
                  000075d0    00000030     empty_pem4f.oem4f (.text:ti_uia_loggers_LoggerMin_Object__create__S)
                  00007600    00000030     ti.uia.loggers.aem4f : LoggerMin.oem4f (.text:ti_uia_loggers_LoggerMin_write8__E)
                  00007630    00000030     ti.targets.arm.rtsarm.aem4f : SysMin.oem4f (.text:xdc_runtime_SysMin_abort__E)
                  00007660    00000030                                 : System.oem4f (.text:xdc_runtime_System_processAtExit__E)
                  00007690    0000002e     rtsv7M4_T_le_v4SPD16_eabi.lib : i_tofd_t2.obj (.text)
                  000076be    00000002     --HOLE-- [fill = 0]
                  000076c0    0000002c     commands.obj (.text:BlueLEDToggle)
                  000076ec    0000002c     commands.obj (.text:GreenLEDToggle)
                  00007718    0000002c     commands.obj (.text:RedLEDToggle)
                  00007744    0000002c     empty_pem4f.oem4f (.text:ti_sysbios_knl_Clock_doTick__I)
                  00007770    0000002c     empty_pem4f.oem4f (.text:ti_sysbios_knl_Queue_construct)
                  0000779c    00000004     --HOLE-- [fill = 0]
                  000077a0    0000002c     sysbios.aem4f : BIOS.obj (.text:ti_sysbios_knl_Task_restore__E)
                  000077cc    0000002c     ti.targets.arm.rtsarm.aem4f : Text.oem4f (.text:xdc_runtime_Text_cordText__E)
                  000077f8    0000002a     driverlib.lib : gpio.obj (.text:GPIODirModeSet)
                  00007822    0000002a     ti.uia.loggers.aem4f : LoggerMin.oem4f (.text:ti_uia_loggers_LoggerMin_write4__E)
                  0000784c    0000002a     ti.targets.arm.rtsarm.aem4f : System.oem4f (.text:xdc_runtime_System_putchar__I)
                  00007876    00000002     --HOLE-- [fill = 0]
                  00007878    00000028     sysbios.aem4f : BIOS.obj (.text:ti_sysbios_knl_Swi_Module_startup__E)
                  000078a0    00000026                   : m3_Hwi_asm.obj (.text:ti_sysbios_family_arm_m3_Hwi_pendSV__I)
                  000078c6    00000026     ti.uia.loggers.aem4f : LoggerMin.oem4f (.text:ti_uia_loggers_LoggerMin_write0__E)
                  000078ec    00000026                          : LoggerMin.oem4f (.text:ti_uia_loggers_LoggerMin_write2__E)
                  00007912    00000026     ti.targets.arm.rtsarm.aem4f : System.oem4f (.text:xdc_runtime_System_avprintf__E)
                  00007938    00000024     main.obj (.text:main)
                  0000795c    00000024     empty_pem4f.oem4f (.text:ti_sysbios_BIOS_registerRTSLock__I)
                  00007980    00000024     empty_pem4f.oem4f (.text:ti_sysbios_BIOS_removeRTSLock__I)
                  000079a4    00000024     empty_pem4f.oem4f (.text:ti_sysbios_BIOS_startFunc__I)
                  000079c8    00000024     empty_pem4f.oem4f (.text:ti_sysbios_gates_GateMutex_Object__delete__S)
                  000079ec    00000004     --HOLE-- [fill = 0]
                  000079f0    00000024     sysbios.aem4f : BIOS.obj (.text:ti_sysbios_knl_Clock_Module_startup__E)
                  00007a14    00000004     --HOLE-- [fill = 0]
                  00007a18    00000024                   : BIOS.obj (.text:ti_sysbios_knl_Task_restoreHwi__E)
                  00007a3c    00000024     ti.uia.loggers.aem4f : LoggerMin.oem4f (.text:ti_uia_loggers_LoggerMin_write1__E)
                  00007a60    00000024     ti.targets.arm.rtsarm.aem4f : System.oem4f (.text:xdc_runtime_System_vprintf__E)
                  00007a84    00000022     driverlib.lib : pwm.obj (.text:PWMGenConfigure)
                  00007aa6    00000002     --HOLE-- [fill = 0]
                  00007aa8    00000022     sysbios.aem4f : BIOS.obj (.text:ti_sysbios_family_arm_lm4_Timer_write__I)
                  00007aca    00000022     empty_pem4f.oem4f (.text:xdc_runtime_SysMin_output__I)
                  00007aec    00000020     rtsv7M4_T_le_v4SPD16_eabi.lib : u_tofd_t2.obj (.text)
                  00007b0c    00000020     empty_pem4f.oem4f (.text:ti_sysbios_BIOS_rtsLock__I)
                  00007b2c    00000020     sysbios.aem4f : m3_Hwi_asm.obj (.text:ti_sysbios_family_arm_m3_Hwi_excHandlerAsm__I)
                  00007b4c    00000004     --HOLE-- [fill = 0]
                  00007b50    00000020                   : BIOS.obj (.text:ti_sysbios_family_arm_m3_Hwi_excHandler__I)
                  00007b70    00000020     empty_pem4f.oem4f (.text:ti_sysbios_gates_GateHwi_Object__delete__S)
                  00007b90    00000020     empty_pem4f.oem4f (.text:ti_sysbios_heaps_HeapMem_Object__delete__S)
                  00007bb0    00000020     sysbios.aem4f : BIOS.obj (.text:ti_sysbios_knl_Idle_run__E)
                  00007bd0    00000020     empty_pem4f.oem4f (.text:ti_sysbios_knl_Semaphore_Object__destruct__S)
                  00007bf0    00000020     empty_pem4f.oem4f (.text:ti_uia_loggers_LoggerMin_Object__delete__S)
                  00007c10    00000020     ti.targets.arm.rtsarm.aem4f : Registry.oem4f (.text:xdc_runtime_Registry_findById__E)
                  00007c30    00000020                                 : SysMin.oem4f (.text:xdc_runtime_SysMin_Module_startup__E)
                  00007c50    0000001e     driverlib.lib : adc.obj (.text:ADCSequenceDataGet)
                  00007c6e    0000001e                   : pwm.obj (.text:PWMPulseWidthGet)
                  00007c8c    0000001e                   : pwm.obj (.text:PWMPulseWidthSet)
                  00007caa    0000001e     empty_pem4f.oem4f (.text:ti_sysbios_BIOS_errorRaiseHook__I)
                  00007cc8    0000001e     sysbios.aem4f : m3_Hwi_asm_switch.obj (.text:ti_sysbios_family_xxx_Hwi_switchAndRunFunc)
                  00007ce6    00000002     --HOLE-- [fill = 0]
                  00007ce8    0000001c     driverlib.lib : uart.obj (.text:UARTDisable)
                  00007d04    0000001c     rtsv7M4_T_le_v4SPD16_eabi.lib : memccpy.obj (.text)
                  00007d20    0000001c     sysbios.aem4f : BIOS.obj (.text:ti_sysbios_gates_GateMutex_Instance_init__E)
                  00007d3c    0000001c     empty_pem4f.oem4f (.text:ti_sysbios_knl_Queue_Object__destruct__S)
                  00007d58    0000001c     sysbios.aem4f : BIOS.obj (.text:ti_sysbios_knl_Task_enter__I)
                  00007d74    0000001c     ti.uia.loggers.aem4f : LoggerMin.oem4f (.text:ti_uia_loggers_LoggerMin_disable__E)
                  00007d90    0000001c                          : LoggerMin.oem4f (.text:ti_uia_loggers_LoggerMin_enable__E)
                  00007dac    0000001c     ti.targets.arm.rtsarm.aem4f : Error.oem4f (.text:xdc_runtime_Error_raiseX__E)
                  00007dc8    0000001c                                 : Memory.oem4f (.text:xdc_runtime_Memory_valloc__E)
                  00007de4    0000001c                                 : SysMin.oem4f (.text:xdc_runtime_SysMin_exit__E)
                  00007e00    0000001c                                 : System.oem4f (.text:xdc_runtime_System_abort__E)
                  00007e1c    0000001a     empty_pem4f.oem4f (.text:ti_sysbios_family_arm_m3_Hwi_Handle__label__S)
                  00007e36    0000001a     empty_pem4f.oem4f (.text:ti_sysbios_gates_GateHwi_Handle__label__S)
                  00007e50    0000001a     empty_pem4f.oem4f (.text:ti_sysbios_gates_GateMutex_Handle__label__S)
                  00007e6a    0000001a     empty_pem4f.oem4f (.text:ti_sysbios_heaps_HeapMem_Handle__label__S)
                  00007e84    0000001a     empty_pem4f.oem4f (.text:ti_sysbios_knl_Swi_Handle__label__S)
                  00007e9e    0000001a     empty_pem4f.oem4f (.text:ti_sysbios_knl_Task_Handle__label__S)
                  00007eb8    0000001a     sysbios.aem4f : BIOS.obj (.text:ti_sysbios_knl_Task_sleepTimeout__I)
                  00007ed2    0000001a     empty_pem4f.oem4f (.text:ti_uia_loggers_LoggerMin_Handle__label__S)
                  00007eec    0000001a     empty_pem4f.oem4f (.text:xdc_runtime_System_aprintf__E)
                  00007f06    0000001a     empty_pem4f.oem4f (.text:xdc_runtime_System_printf__E)
                  00007f20    00000018     driverlib.lib : gpio.obj (.text:GPIOPinTypeGPIOOutput)
                  00007f38    00000018     rtsv7M4_T_le_v4SPD16_eabi.lib : args_main.obj (.text)
                  00007f50    00000018     empty_pem4f.oem4f (.text:ti_sysbios_BIOS_rtsUnlock__I)
                  00007f68    00000018     empty_pem4f.oem4f (.text:ti_sysbios_family_arm_lm4_Timer_Module__startupDone__F)
                  00007f80    00000018     empty_pem4f.oem4f (.text:ti_sysbios_family_arm_m3_Hwi_Module__startupDone__F)
                  00007f98    00000018     sysbios.aem4f : m3_TaskSupport_asm.obj (.text:ti_sysbios_family_arm_m3_TaskSupport_swap__E)
                  00007fb0    00000018                   : BIOS.obj (.text:ti_sysbios_gates_GateMutex_leave__E)
                  00007fc8    00000018     ti.uia.loggers.aem4f : LoggerMin.oem4f (.text:ti_uia_loggers_LoggerMin_Module_startup__E)
                  00007fe0    00000018     ti.targets.arm.rtsarm.aem4f : Error.oem4f (.text:xdc_runtime_Error_check__E)
                  00007ff8    00000018                                 : System.oem4f (.text:xdc_runtime_System_exit__E)
                  00008010    00000018                                 : Text.oem4f (.text:xdc_runtime_Text_ropeText__E)
                  00008028    00000016     rtsv7M4_T_le_v4SPD16_eabi.lib : strchr.obj (.text)
                  0000803e    00000016     empty_pem4f.oem4f (.text:ti_sysbios_BIOS_exitFunc__I)
                  00008054    00000014     main.obj (.text:GreenLEDOff)
                  00008068    00000014     main.obj (.text:GreenLEDOn)
                  0000807c    00000014     driverlib.lib : uart.obj (.text:UARTEnable)
                  00008090    00000014     commands.obj (.text:motorLStart)
                  000080a4    00000014     commands.obj (.text:motorLStop)
                  000080b8    00000014     commands.obj (.text:motorRStart)
                  000080cc    00000014     commands.obj (.text:motorRStop)
                  000080e0    00000014     rtsv7M4_T_le_v4SPD16_eabi.lib : _lock.obj (.text)
                  000080f4    00000014                                   : s_copysign.obj (.text)
                  00008108    00000014                                   : strcpy.obj (.text)
                  0000811c    00000014                                   : strlen.obj (.text)
                  00008130    00000014     empty_pem4f.oem4f (.text:ti_sysbios_family_arm_m3_Hwi_Object__get__S)
                  00008144    00000004     --HOLE-- [fill = 0]
                  00008148    00000014     sysbios.aem4f : BIOS.obj (.text:ti_sysbios_family_arm_m3_Hwi_switchFromBootStack__E)
                  0000815c    00000014     empty_pem4f.oem4f (.text:ti_sysbios_heaps_HeapMem_Object__get__S)
                  00008170    00000014     empty_pem4f.oem4f (.text:ti_sysbios_knl_Swi_Object__get__S)
                  00008184    00000012     driverlib.lib : adc.obj (.text:ADCHardwareOversampleConfigure)
                  00008196    00000012                   : gpio.obj (.text:GPIOPinTypeADC)
                  000081a8    00000012                   : gpio.obj (.text:GPIOPinTypeGPIOInput)
                  000081ba    00000012                   : gpio.obj (.text:GPIOPinTypePWM)
                  000081cc    00000012                   : gpio.obj (.text:GPIOPinTypeUART)
                  000081de    00000012                   : pwm.obj (.text:PWMOutputState)
                  000081f0    00000012                   : timer.obj (.text:TimerLoadSet)
                  00008202    00000012     main.obj (.text:delay)
                  00008214    00000004     --HOLE-- [fill = 0]
                  00008218    00000012     sysbios.aem4f : BIOS.obj (.text:ti_sysbios_hal_Hwi_Module_startup__E)
                  0000822a    00000012     empty_pem4f.oem4f (.text:xdc_runtime_Startup_exec__I)
                  0000823c    00000010     driverlib.lib : adc.obj (.text:ADCIntEnable)
                  0000824c    00000010                   : pwm.obj (.text:PWMGenPeriodSet)
                  0000825c    00000004     --HOLE-- [fill = 0]
                  00008260    00000010     sysbios.aem4f : BIOS.obj (.text:ti_sysbios_BIOS_setThreadType__E)
                  00008270    00000010                   : BIOS.obj (.text:ti_sysbios_BIOS_start__E)
                  00008280    00000010                   : BIOS.obj (.text:ti_sysbios_family_arm_lm4_TimestampProvider_rolloverFunc__E)
                  00008290    00000010                   : m3_TaskSupport_asm.obj (.text:ti_sysbios_family_arm_m3_TaskSupport_glue)
                  000082a0    00000010                   : BIOS.obj (.text:ti_sysbios_gates_GateMutex_Instance_finalize__E)
                  000082b0    00000010                   : BIOS.obj (.text:ti_sysbios_knl_Semaphore_Instance_finalize__E)
                  000082c0    00000010                   : BIOS.obj (.text:ti_sysbios_knl_Swi_disable__E)
                  000082d0    00000010     empty_pem4f.oem4f (.text:ti_sysbios_knl_Task_Object__get__S)
                  000082e0    00000010     sysbios.aem4f : BIOS.obj (.text:ti_sysbios_knl_Task_disable__E)
                  000082f0    00000010     empty_pem4f.oem4f (.text:ti_uia_loggers_LoggerMin_genTimestamp__I)
                  00008300    00000010     ti.targets.arm.rtsarm.aem4f : Gate.oem4f (.text:xdc_runtime_Gate_leaveSystem__E)
                  00008310    00000010                                 : Memory.oem4f (.text:xdc_runtime_Memory_free__E)
                  00008320    00000010                                 : SysMin.oem4f (.text:xdc_runtime_SysMin_ready__E)
                  00008330    00000010                                 : System.oem4f (.text:xdc_runtime_System_vsnprintf__E)
                  00008340    00000010     empty_pem4f.oem4f (.text:xdc_runtime_Text_visitRope__I)
                  00008350    0000000e     driverlib.lib : adc.obj (.text:ADCSequenceEnable)
                  0000835e    0000000e                   : timer.obj (.text:TimerEnable)
                  0000836c    0000000e                   : uart.obj (.text:UARTCharGetNonBlocking)
                  0000837a    0000000e     rtsv7M4_T_le_v4SPD16_eabi.lib : copy_decompress_none.obj (.text:decompress:none)
                  00008388    0000000e     sysbios.aem4f : BIOS.obj (.text:ti_sysbios_knl_Idle_loop__E)
                  00008396    00000002     --HOLE-- [fill = 0]
                  00008398    0000000e                   : BIOS.obj (.text:ti_sysbios_knl_Queue_empty__E)
                  000083a6    00000002     --HOLE-- [fill = 0]
                  000083a8    0000000c     empty_pem4f.oem4f (.text:.bootCodeSection:ti_catalog_arm_cortexm4_tiva_ce_Boot_init__I)
                  000083b4    0000000c     commands.obj (.text:PIDOff)
                  000083c0    0000000c     commands.obj (.text:PIDOn)
                  000083cc    0000000c     driverlib.lib : pwm.obj (.text:PWMGenEnable)
                  000083d8    0000000c                   : uart.obj (.text:UARTCharsAvail)
                  000083e4    0000000c     commands.obj (.text:collectDataDisable)
                  000083f0    0000000c     commands.obj (.text:collectDataEnable)
                  000083fc    00000004     --HOLE-- [fill = 0]
                  00008400    0000000c     sysbios.aem4f : BIOS.obj (.text:ti_sysbios_family_arm_lm4_Timer_getMaxTicks__E)
                  0000840c    00000004     --HOLE-- [fill = 0]
                  00008410    0000000c                   : BIOS.obj (.text:ti_sysbios_family_arm_lm4_TimestampProvider_startTimer__E)
                  0000841c    00000004     --HOLE-- [fill = 0]
                  00008420    0000000c                   : BIOS.obj (.text:ti_sysbios_family_arm_m3_Hwi_disableFxn__E)
                  0000842c    00000004     --HOLE-- [fill = 0]
                  00008430    0000000c                   : BIOS.obj (.text:ti_sysbios_family_arm_m3_TaskSupport_checkStack__E)
                  0000843c    00000004     --HOLE-- [fill = 0]
                  00008440    0000000c                   : BIOS.obj (.text:ti_sysbios_gates_GateHwi_enter__E)
                  0000844c    0000000c     empty_pem4f.oem4f (.text:ti_sysbios_knl_Queue_Object__get__S)
                  00008458    0000000c     ti.targets.arm.rtsarm.aem4f : Error.oem4f (.text:xdc_runtime_Error_init__E)
                  00008464    0000000c                                 : Gate.oem4f (.text:xdc_runtime_Gate_enterSystem__E)
                  00008470    0000000c                                 : Memory.oem4f (.text:xdc_runtime_Memory_calloc__E)
                  0000847c    0000000c                                 : Memory.oem4f (.text:xdc_runtime_Memory_getMaxDefaultTypeAlign__E)
                  00008488    0000000a     driverlib.lib : adc.obj (.text:ADCIntClear)
                  00008492    0000000a                   : uart.obj (.text:UARTCharPut)
                  0000849c    0000000a     empty_pem4f.oem4f (.text:xdc_runtime_IHeap_alloc)
                  000084a6    0000000a     empty_pem4f.oem4f (.text:xdc_runtime_IHeap_free)
                  000084b0    00000008     driverlib.lib : uart.obj (.text:UARTIntEnable)
                  000084b8    00000008     sysbios.aem4f : BIOS.obj (.text:ti_sysbios_family_arm_lm4_Timer_masterDisable__I)
                  000084c0    00000008                   : BIOS.obj (.text:ti_sysbios_family_arm_m3_Hwi_doSwiRestore__I)
                  000084c8    00000008                   : BIOS.obj (.text:ti_sysbios_family_arm_m3_Hwi_startup__E)
                  000084d0    00000006     driverlib.lib : sysctl.obj (.text:SysCtlDelay)
                  000084d6    00000006                   : uart.obj (.text:UARTFIFOLevelSet)
                  000084dc    00000006     rtsv7M4_T_le_v4SPD16_eabi.lib : copy_decompress_rle.obj (.text:decompress:rle24)
                  000084e2    00000006     Boot.aem4f : Boot_sysctl.oem4f (.text:ti_catalog_arm_cortexm4_tiva_ce_Boot_sysCtlDelayI__I)
                  000084e8    00000006     sysbios.aem4f : BIOS.obj (.text:ti_sysbios_family_arm_lm4_TimestampProvider_Module_startup__E)
                  000084ee    00000002     --HOLE-- [fill = 0]
                  000084f0    00000006                   : BIOS.obj (.text:ti_sysbios_family_arm_m3_Hwi_doTaskRestore__I)
                  000084f6    00000002     --HOLE-- [fill = 0]
                  000084f8    00000006                   : BIOS.obj (.text:ti_sysbios_family_arm_m3_Hwi_restoreFxn__E)
                  000084fe    00000002     --HOLE-- [fill = 0]
                  00008500    00000006                   : BIOS.obj (.text:ti_sysbios_gates_GateHwi_leave__E)
                  00008506    00000002     --HOLE-- [fill = 0]
                  00008508    00000006                   : BIOS.obj (.text:ti_sysbios_heaps_HeapMem_isBlocking__E)
                  0000850e    00000002     --HOLE-- [fill = 0]
                  00008510    00000006                   : BIOS.obj (.text:ti_sysbios_knl_Queue_Instance_init__E)
                  00008516    00000002     --HOLE-- [fill = 0]
                  00008518    00000006                   : BIOS.obj (.text:ti_sysbios_knl_Swi_startup__E)
                  0000851e    00000006     ti.targets.arm.rtsarm.aem4f : System.oem4f (.text:xdc_runtime_System_Module_startup__E)
                  00008524    00000004     --HOLE-- [fill = 0]
                  00008528    00000004     sysbios.aem4f : BIOS.obj (.text:ti_sysbios_family_arm_lm4_Timer_getPeriod__E)
                  0000852c    00000004     --HOLE-- [fill = 0]
                  00008530    00000004                   : BIOS.obj (.text:ti_sysbios_gates_GateHwi_query__E)
                  00008534    00000004     --HOLE-- [fill = 0]
                  00008538    00000004                   : BIOS.obj (.text:ti_sysbios_gates_GateMutex_query__E)
                  0000853c    00000004     --HOLE-- [fill = 0]
                  00008540    00000004                   : BIOS.obj (.text:ti_sysbios_knl_Task_startup__E)
                  00008544    00000004     --HOLE-- [fill = 0]
                  00008548    00000002                   : BIOS.obj (.text:ti_sysbios_gates_GateHwi_Instance_init__E)

.const     0    0000854c    000027e0     
                  0000854c    00001f44     empty_pem4f.oem4f (.const:xdc_runtime_Text_charTab__A)
                  0000a490    00000101     rtsv7M4_T_le_v4SPD16_eabi.lib : ctype.obj (.const:.string:_ctypes_)
                  0000a591    00000001     empty_pem4f.oem4f (.const:xdc_runtime_Error_policy__C)
                  0000a592    000000f4     empty_pem4f.oem4f (.const:xdc_runtime_Text_nodeTab__A)
                  0000a686    00000002     empty_pem4f.oem4f (.const:ti_catalog_arm_cortexm4_tiva_ce_Boot_Module__id__C)
                  0000a688    00000090     driverlib.lib : gpio.obj (.const:g_pui32GPIOBaseAddrs)
                  0000a718    0000006c                   : sysctl.obj (.const:g_pui32Xtals)
                  0000a784    00000048     empty_pem4f.oem4f (.const:.string)
                  0000a7cc    00000034     empty_pem4f.oem4f (.const:ti_uia_loggers_LoggerMin_Module__FXNS__C)
                  0000a800    00000028     empty_pem4f.oem4f (.const:ti_sysbios_heaps_HeapMem_Module__FXNS__C)
                  0000a828    00000028     empty_pem4f.oem4f (.const:xdc_runtime_Startup_sfxnTab__A)
                  0000a850    00000024     empty_pem4f.oem4f (.const:ti_sysbios_gates_GateHwi_Module__FXNS__C)
                  0000a874    00000024     empty_pem4f.oem4f (.const:ti_sysbios_gates_GateMutex_Module__FXNS__C)
                  0000a898    00000024     empty_pem4f.oem4f (.const:ti_sysbios_heaps_HeapMem_Object__PARAMS__C)
                  0000a8bc    00000024     empty_pem4f.oem4f (.const:ti_sysbios_knl_Semaphore_Object__PARAMS__C)
                  0000a8e0    00000020     empty_pem4f.oem4f (.const)
                  0000a900    00000020     empty_pem4f.oem4f (.const:ti_sysbios_gates_GateHwi_Object__DESC__C)
                  0000a920    00000020     empty_pem4f.oem4f (.const:ti_sysbios_gates_GateMutex_Object__DESC__C)
                  0000a940    00000020     empty_pem4f.oem4f (.const:ti_sysbios_heaps_HeapMem_Object__DESC__C)
                  0000a960    00000020     empty_pem4f.oem4f (.const:ti_sysbios_knl_Queue_Object__DESC__C)
                  0000a980    00000020     empty_pem4f.oem4f (.const:ti_sysbios_knl_Semaphore_Object__DESC__C)
                  0000a9a0    00000020     empty_pem4f.oem4f (.const:ti_uia_loggers_LoggerMin_Object__DESC__C)
                  0000a9c0    00000018     empty_pem4f.oem4f (.const:ti_sysbios_gates_GateHwi_Object__PARAMS__C)
                  0000a9d8    00000018     empty_pem4f.oem4f (.const:ti_sysbios_gates_GateMutex_Object__PARAMS__C)
                  0000a9f0    00000018     empty_pem4f.oem4f (.const:ti_sysbios_knl_Queue_Object__PARAMS__C)
                  0000aa08    00000018     empty_pem4f.oem4f (.const:ti_uia_loggers_LoggerMin_Object__PARAMS__C)
                  0000aa20    00000017     commands.obj (.const:.string:$P$T0$1)
                  0000aa37    00000017     commands.obj (.const:.string:$P$T1$2)
                  0000aa4e    00000016     commands.obj (.const:.string:$P$T2$3)
                  0000aa64    00000014     main.obj (.const:.string:$P$T0$1)
                  0000aa78    00000014     empty_pem4f.oem4f (.const:xdc_runtime_Startup_firstFxns__A)
                  0000aa8c    00000014     empty_pem4f.oem4f (.const:xdc_runtime_Startup_sfxnRts__A)
                  0000aaa0    00000012     commands.obj (.const:.string:$P$T4$5)
                  0000aab2    00000002     empty_pem4f.oem4f (.const:ti_sysbios_family_arm_lm4_TimestampProvider_useClockTimer__C)
                  0000aab4    00000008     empty_pem4f.oem4f (.const:ti_sysbios_family_arm_m3_Hwi_excHookFuncs__A)
                  0000aabc    00000008     empty_pem4f.oem4f (.const:ti_sysbios_knl_Idle_funcList__C)
                  0000aac4    00000008     empty_pem4f.oem4f (.const:xdc_runtime_Startup_firstFxns__C)
                  0000aacc    00000008     empty_pem4f.oem4f (.const:xdc_runtime_Startup_lastFxns__C)
                  0000aad4    00000004     empty_pem4f.oem4f (.const:ti_catalog_arm_cortexm4_tiva_ce_Boot_A_mustUseEnhancedClockMode__C)
                  0000aad8    00000004     empty_pem4f.oem4f (.const:ti_catalog_arm_cortexm4_tiva_ce_Boot_Module__diagsEnabled__C)
                  0000aadc    00000004     empty_pem4f.oem4f (.const:ti_catalog_arm_cortexm4_tiva_ce_Boot_Module__diagsIncluded__C)
                  0000aae0    00000004     empty_pem4f.oem4f (.const:ti_catalog_arm_cortexm4_tiva_ce_Boot_Module__diagsMask__C)
                  0000aae4    00000004     empty_pem4f.oem4f (.const:ti_sysbios_family_arm_lm4_Timer_enableFunc__C)
                  0000aae8    00000004     empty_pem4f.oem4f (.const:ti_sysbios_family_arm_lm4_Timer_numTimerDevices__C)
                  0000aaec    00000004     empty_pem4f.oem4f (.const:ti_sysbios_family_arm_lm4_Timer_startupNeeded__C)
                  0000aaf0    00000004     empty_pem4f.oem4f (.const:ti_sysbios_family_arm_m3_Hwi_E_NMI__C)
                  0000aaf4    00000004     empty_pem4f.oem4f (.const:ti_sysbios_family_arm_m3_Hwi_E_busFault__C)
                  0000aaf8    00000004     empty_pem4f.oem4f (.const:ti_sysbios_family_arm_m3_Hwi_E_debugMon__C)
                  0000aafc    00000004     empty_pem4f.oem4f (.const:ti_sysbios_family_arm_m3_Hwi_E_hardFault__C)
                  0000ab00    00000004     empty_pem4f.oem4f (.const:ti_sysbios_family_arm_m3_Hwi_E_memFault__C)
                  0000ab04    00000004     empty_pem4f.oem4f (.const:ti_sysbios_family_arm_m3_Hwi_E_noIsr__C)
                  0000ab08    00000004     empty_pem4f.oem4f (.const:ti_sysbios_family_arm_m3_Hwi_E_reserved__C)
                  0000ab0c    00000004     empty_pem4f.oem4f (.const:ti_sysbios_family_arm_m3_Hwi_E_svCall__C)
                  0000ab10    00000004     empty_pem4f.oem4f (.const:ti_sysbios_family_arm_m3_Hwi_E_usageFault__C)
                  0000ab14    00000004     empty_pem4f.oem4f (.const:ti_sysbios_family_arm_m3_Hwi_LD_end__C)
                  0000ab18    00000004     empty_pem4f.oem4f (.const:ti_sysbios_family_arm_m3_Hwi_LM_begin__C)
                  0000ab1c    00000004     empty_pem4f.oem4f (.const:ti_sysbios_family_arm_m3_Hwi_Module__diagsEnabled__C)
                  0000ab20    00000004     empty_pem4f.oem4f (.const:ti_sysbios_family_arm_m3_Hwi_Module__diagsIncluded__C)
                  0000ab24    00000004     empty_pem4f.oem4f (.const:ti_sysbios_family_arm_m3_Hwi_Module__diagsMask__C)
                  0000ab28    00000004     empty_pem4f.oem4f (.const:ti_sysbios_family_arm_m3_Hwi_Module__loggerFxn1__C)
                  0000ab2c    00000004     empty_pem4f.oem4f (.const:ti_sysbios_family_arm_m3_Hwi_Module__loggerFxn8__C)
                  0000ab30    00000004     empty_pem4f.oem4f (.const:ti_sysbios_family_arm_m3_Hwi_Module__loggerObj__C)
                  0000ab34    00000004     empty_pem4f.oem4f (.const:ti_sysbios_family_arm_m3_Hwi_NUM_INTERRUPTS__C)
                  0000ab38    00000004     empty_pem4f.oem4f (.const:ti_sysbios_family_arm_m3_Hwi_Object__count__C)
                  0000ab3c    00000004     empty_pem4f.oem4f (.const:ti_sysbios_family_arm_m3_Hwi_ccr__C)
                  0000ab40    00000004     empty_pem4f.oem4f (.const:ti_sysbios_family_arm_m3_Hwi_excHandlerFunc__C)
                  0000ab44    00000004     empty_pem4f.oem4f (.const:ti_sysbios_family_arm_m3_Hwi_excHookFuncs__C)
                  0000ab48    00000004     empty_pem4f.oem4f (.const:ti_sysbios_family_arm_m3_Hwi_nullIsrFunc__C)
                  0000ab4c    00000004     empty_pem4f.oem4f (.const:ti_sysbios_family_arm_m3_Hwi_priGroup__C)
                  0000ab50    00000004     empty_pem4f.oem4f (.const:ti_sysbios_gates_GateMutex_A_badContext__C)
                  0000ab54    00000004     empty_pem4f.oem4f (.const:ti_sysbios_gates_GateMutex_Instance_State_sem__O)
                  0000ab58    00000004     empty_pem4f.oem4f (.const:ti_sysbios_gates_GateMutex_Module__diagsEnabled__C)
                  0000ab5c    00000004     empty_pem4f.oem4f (.const:ti_sysbios_gates_GateMutex_Module__diagsIncluded__C)
                  0000ab60    00000004     empty_pem4f.oem4f (.const:ti_sysbios_gates_GateMutex_Module__diagsMask__C)
                  0000ab64    00000004     empty_pem4f.oem4f (.const:ti_sysbios_hal_Hwi_E_stackOverflow__C)
                  0000ab68    00000004     empty_pem4f.oem4f (.const:ti_sysbios_heaps_HeapMem_A_align__C)
                  0000ab6c    00000004     empty_pem4f.oem4f (.const:ti_sysbios_heaps_HeapMem_A_heapSize__C)
                  0000ab70    00000004     empty_pem4f.oem4f (.const:ti_sysbios_heaps_HeapMem_A_invalidFree__C)
                  0000ab74    00000004     empty_pem4f.oem4f (.const:ti_sysbios_heaps_HeapMem_A_zeroBlock__C)
                  0000ab78    00000004     empty_pem4f.oem4f (.const:ti_sysbios_heaps_HeapMem_E_memory__C)
                  0000ab7c    00000004     empty_pem4f.oem4f (.const:ti_sysbios_heaps_HeapMem_Module__diagsEnabled__C)
                  0000ab80    00000004     empty_pem4f.oem4f (.const:ti_sysbios_heaps_HeapMem_Module__diagsIncluded__C)
                  0000ab84    00000004     empty_pem4f.oem4f (.const:ti_sysbios_heaps_HeapMem_Module__diagsMask__C)
                  0000ab88    00000004     empty_pem4f.oem4f (.const:ti_sysbios_heaps_HeapMem_Module__gateObj__C)
                  0000ab8c    00000004     empty_pem4f.oem4f (.const:ti_sysbios_heaps_HeapMem_Object__count__C)
                  0000ab90    00000004     empty_pem4f.oem4f (.const:ti_sysbios_heaps_HeapMem_reqAlign__C)
                  0000ab94    00000004     empty_pem4f.oem4f (.const:ti_sysbios_knl_Clock_LM_begin__C)
                  0000ab98    00000004     empty_pem4f.oem4f (.const:ti_sysbios_knl_Clock_LM_tick__C)
                  0000ab9c    00000004     empty_pem4f.oem4f (.const:ti_sysbios_knl_Clock_LW_delayed__C)
                  0000aba0    00000004     empty_pem4f.oem4f (.const:ti_sysbios_knl_Clock_Module_State_clockQ__O)
                  0000aba4    00000004     empty_pem4f.oem4f (.const:ti_sysbios_knl_Clock_Module__diagsEnabled__C)
                  0000aba8    00000004     empty_pem4f.oem4f (.const:ti_sysbios_knl_Clock_Module__diagsIncluded__C)
                  0000abac    00000004     empty_pem4f.oem4f (.const:ti_sysbios_knl_Clock_Module__diagsMask__C)
                  0000abb0    00000004     empty_pem4f.oem4f (.const:ti_sysbios_knl_Clock_Module__loggerFxn1__C)
                  0000abb4    00000004     empty_pem4f.oem4f (.const:ti_sysbios_knl_Clock_Module__loggerFxn2__C)
                  0000abb8    00000004     empty_pem4f.oem4f (.const:ti_sysbios_knl_Clock_Module__loggerObj__C)
                  0000abbc    00000004     empty_pem4f.oem4f (.const:ti_sysbios_knl_Idle_funcList__A)
                  0000abc0    00000004     empty_pem4f.oem4f (.const:ti_sysbios_knl_Semaphore_A_badContext__C)
                  0000abc4    00000004     empty_pem4f.oem4f (.const:ti_sysbios_knl_Semaphore_A_noEvents__C)
                  0000abc8    00000004     empty_pem4f.oem4f (.const:ti_sysbios_knl_Semaphore_A_overflow__C)
                  0000abcc    00000004     empty_pem4f.oem4f (.const:ti_sysbios_knl_Semaphore_A_pendTaskDisabled__C)
                  0000abd0    00000004     empty_pem4f.oem4f (.const:ti_sysbios_knl_Semaphore_Instance_State_pendQ__O)
                  0000abd4    00000004     empty_pem4f.oem4f (.const:ti_sysbios_knl_Semaphore_LM_pend__C)
                  0000abd8    00000004     empty_pem4f.oem4f (.const:ti_sysbios_knl_Semaphore_LM_post__C)
                  0000abdc    00000004     empty_pem4f.oem4f (.const:ti_sysbios_knl_Semaphore_Module__diagsEnabled__C)
                  0000abe0    00000004     empty_pem4f.oem4f (.const:ti_sysbios_knl_Semaphore_Module__diagsIncluded__C)
                  0000abe4    00000004     empty_pem4f.oem4f (.const:ti_sysbios_knl_Semaphore_Module__diagsMask__C)
                  0000abe8    00000004     empty_pem4f.oem4f (.const:ti_sysbios_knl_Semaphore_Module__loggerFxn2__C)
                  0000abec    00000004     empty_pem4f.oem4f (.const:ti_sysbios_knl_Semaphore_Module__loggerFxn4__C)
                  0000abf0    00000004     empty_pem4f.oem4f (.const:ti_sysbios_knl_Semaphore_Module__loggerObj__C)
                  0000abf4    00000004     empty_pem4f.oem4f (.const:ti_sysbios_knl_Swi_LD_end__C)
                  0000abf8    00000004     empty_pem4f.oem4f (.const:ti_sysbios_knl_Swi_LM_begin__C)
                  0000abfc    00000004     empty_pem4f.oem4f (.const:ti_sysbios_knl_Swi_LM_post__C)
                  0000ac00    00000004     empty_pem4f.oem4f (.const:ti_sysbios_knl_Swi_Module__diagsEnabled__C)
                  0000ac04    00000004     empty_pem4f.oem4f (.const:ti_sysbios_knl_Swi_Module__diagsIncluded__C)
                  0000ac08    00000004     empty_pem4f.oem4f (.const:ti_sysbios_knl_Swi_Module__diagsMask__C)
                  0000ac0c    00000004     empty_pem4f.oem4f (.const:ti_sysbios_knl_Swi_Module__loggerFxn1__C)
                  0000ac10    00000004     empty_pem4f.oem4f (.const:ti_sysbios_knl_Swi_Module__loggerFxn4__C)
                  0000ac14    00000004     empty_pem4f.oem4f (.const:ti_sysbios_knl_Swi_Module__loggerObj__C)
                  0000ac18    00000004     empty_pem4f.oem4f (.const:ti_sysbios_knl_Swi_Object__count__C)
                  0000ac1c    00000004     empty_pem4f.oem4f (.const:ti_sysbios_knl_Task_A_badTimeout__C)
                  0000ac20    00000004     empty_pem4f.oem4f (.const:ti_sysbios_knl_Task_A_sleepTaskDisabled__C)
                  0000ac24    00000004     empty_pem4f.oem4f (.const:ti_sysbios_knl_Task_E_spOutOfBounds__C)
                  0000ac28    00000004     empty_pem4f.oem4f (.const:ti_sysbios_knl_Task_E_stackOverflow__C)
                  0000ac2c    00000004     empty_pem4f.oem4f (.const:ti_sysbios_knl_Task_LD_block__C)
                  0000ac30    00000004     empty_pem4f.oem4f (.const:ti_sysbios_knl_Task_LD_exit__C)
                  0000ac34    00000004     empty_pem4f.oem4f (.const:ti_sysbios_knl_Task_LD_ready__C)
                  0000ac38    00000004     empty_pem4f.oem4f (.const:ti_sysbios_knl_Task_LM_sleep__C)
                  0000ac3c    00000004     empty_pem4f.oem4f (.const:ti_sysbios_knl_Task_LM_switch__C)
                  0000ac40    00000004     empty_pem4f.oem4f (.const:ti_sysbios_knl_Task_Module_State_inactiveQ__O)
                  0000ac44    00000004     empty_pem4f.oem4f (.const:ti_sysbios_knl_Task_Module__diagsEnabled__C)
                  0000ac48    00000004     empty_pem4f.oem4f (.const:ti_sysbios_knl_Task_Module__diagsIncluded__C)
                  0000ac4c    00000004     empty_pem4f.oem4f (.const:ti_sysbios_knl_Task_Module__diagsMask__C)
                  0000ac50    00000004     empty_pem4f.oem4f (.const:ti_sysbios_knl_Task_Module__loggerFxn2__C)
                  0000ac54    00000004     empty_pem4f.oem4f (.const:ti_sysbios_knl_Task_Module__loggerFxn4__C)
                  0000ac58    00000004     empty_pem4f.oem4f (.const:ti_sysbios_knl_Task_Module__loggerObj__C)
                  0000ac5c    00000004     empty_pem4f.oem4f (.const:ti_sysbios_knl_Task_Object__count__C)
                  0000ac60    00000004     empty_pem4f.oem4f (.const:ti_sysbios_knl_Task_allBlockedFunc__C)
                  0000ac64    00000004     empty_pem4f.oem4f (.const:ti_sysbios_knl_Task_numConstructedTasks__C)
                  0000ac68    00000004     empty_pem4f.oem4f (.const:xdc_runtime_Assert_E_assertFailed__C)
                  0000ac6c    00000004     empty_pem4f.oem4f (.const:xdc_runtime_Core_A_initializedParams__C)
                  0000ac70    00000004     empty_pem4f.oem4f (.const:xdc_runtime_Core_Module__diagsEnabled__C)
                  0000ac74    00000004     empty_pem4f.oem4f (.const:xdc_runtime_Core_Module__diagsIncluded__C)
                  0000ac78    00000004     empty_pem4f.oem4f (.const:xdc_runtime_Core_Module__diagsMask__C)
                  0000ac7c    00000004     empty_pem4f.oem4f (.const:xdc_runtime_Error_E_memory__C)
                  0000ac80    00000004     empty_pem4f.oem4f (.const:xdc_runtime_Error_Module__diagsEnabled__C)
                  0000ac84    00000004     empty_pem4f.oem4f (.const:xdc_runtime_Error_Module__diagsIncluded__C)
                  0000ac88    00000004     empty_pem4f.oem4f (.const:xdc_runtime_Error_Module__diagsMask__C)
                  0000ac8c    00000004     empty_pem4f.oem4f (.const:xdc_runtime_Error_Module__loggerFxn8__C)
                  0000ac90    00000004     empty_pem4f.oem4f (.const:xdc_runtime_Error_Module__loggerObj__C)
                  0000ac94    00000004     empty_pem4f.oem4f (.const:xdc_runtime_Error_policyFxn__C)
                  0000ac98    00000004     empty_pem4f.oem4f (.const:xdc_runtime_Error_raiseHook__C)
                  0000ac9c    00000004     empty_pem4f.oem4f (.const:xdc_runtime_IGateProvider_Interface__BASE__C)
                  0000aca0    00000004     empty_pem4f.oem4f (.const:xdc_runtime_IHeap_Interface__BASE__C)
                  0000aca4    00000004     empty_pem4f.oem4f (.const:xdc_runtime_ILogger_Interface__BASE__C)
                  0000aca8    00000004     empty_pem4f.oem4f (.const:xdc_runtime_IModule_Interface__BASE__C)
                  0000acac    00000004     empty_pem4f.oem4f (.const:xdc_runtime_Log_L_error__C)
                  0000acb0    00000004     empty_pem4f.oem4f (.const:xdc_runtime_Memory_defaultHeapInstance__C)
                  0000acb4    00000004     empty_pem4f.oem4f (.const:xdc_runtime_Startup_execImpl__C)
                  0000acb8    00000004     empty_pem4f.oem4f (.const:xdc_runtime_Startup_lastFxns__A)
                  0000acbc    00000004     empty_pem4f.oem4f (.const:xdc_runtime_Startup_maxPasses__C)
                  0000acc0    00000004     empty_pem4f.oem4f (.const:xdc_runtime_Startup_sfxnRts__C)
                  0000acc4    00000004     empty_pem4f.oem4f (.const:xdc_runtime_Startup_sfxnTab__C)
                  0000acc8    00000004     empty_pem4f.oem4f (.const:xdc_runtime_SysMin_bufSize__C)
                  0000accc    00000004     empty_pem4f.oem4f (.const:xdc_runtime_SysMin_outputFunc__C)
                  0000acd0    00000004     empty_pem4f.oem4f (.const:xdc_runtime_System_Module__gateObj__C)
                  0000acd4    00000004     empty_pem4f.oem4f (.const:xdc_runtime_System_abortFxn__C)
                  0000acd8    00000004     empty_pem4f.oem4f (.const:xdc_runtime_System_exitFxn__C)
                  0000acdc    00000004     empty_pem4f.oem4f (.const:xdc_runtime_System_extendFxn__C)
                  0000ace0    00000004     empty_pem4f.oem4f (.const:xdc_runtime_System_maxAtexitHandlers__C)
                  0000ace4    00000004     empty_pem4f.oem4f (.const:xdc_runtime_Text_charTab__C)
                  0000ace8    00000004     empty_pem4f.oem4f (.const:xdc_runtime_Text_nameEmpty__C)
                  0000acec    00000004     empty_pem4f.oem4f (.const:xdc_runtime_Text_nameStatic__C)
                  0000acf0    00000004     empty_pem4f.oem4f (.const:xdc_runtime_Text_nameUnknown__C)
                  0000acf4    00000004     empty_pem4f.oem4f (.const:xdc_runtime_Text_nodeTab__C)
                  0000acf8    00000004     empty_pem4f.oem4f (.const:xdc_runtime_Text_visitRopeFxn__C)
                  0000acfc    00000003     main.obj (.const:.string:$P$T1$2)
                  0000acff    00000001     --HOLE-- [fill = 0]
                  0000ad00    00000002     empty_pem4f.oem4f (.const:ti_sysbios_family_arm_m3_Hwi_Module__id__C)
                  0000ad02    00000002     empty_pem4f.oem4f (.const:ti_sysbios_family_arm_m3_Hwi_Module__loggerDefined__C)
                  0000ad04    00000002     empty_pem4f.oem4f (.const:ti_sysbios_gates_GateMutex_Module__id__C)
                  0000ad06    00000002     empty_pem4f.oem4f (.const:ti_sysbios_hal_Hwi_Module__id__C)
                  0000ad08    00000002     empty_pem4f.oem4f (.const:ti_sysbios_heaps_HeapMem_Module__id__C)
                  0000ad0a    00000002     empty_pem4f.oem4f (.const:ti_sysbios_knl_Clock_Module__id__C)
                  0000ad0c    00000002     empty_pem4f.oem4f (.const:ti_sysbios_knl_Clock_Module__loggerDefined__C)
                  0000ad0e    00000002     empty_pem4f.oem4f (.const:ti_sysbios_knl_Semaphore_Module__id__C)
                  0000ad10    00000002     empty_pem4f.oem4f (.const:ti_sysbios_knl_Semaphore_Module__loggerDefined__C)
                  0000ad12    00000002     empty_pem4f.oem4f (.const:ti_sysbios_knl_Swi_Module__id__C)
                  0000ad14    00000002     empty_pem4f.oem4f (.const:ti_sysbios_knl_Swi_Module__loggerDefined__C)
                  0000ad16    00000002     empty_pem4f.oem4f (.const:ti_sysbios_knl_Task_Module__id__C)
                  0000ad18    00000002     empty_pem4f.oem4f (.const:ti_sysbios_knl_Task_Module__loggerDefined__C)
                  0000ad1a    00000002     empty_pem4f.oem4f (.const:xdc_runtime_Core_Module__id__C)
                  0000ad1c    00000002     empty_pem4f.oem4f (.const:xdc_runtime_Error_Module__loggerDefined__C)
                  0000ad1e    00000002     empty_pem4f.oem4f (.const:xdc_runtime_Error_maxDepth__C)
                  0000ad20    00000002     empty_pem4f.oem4f (.const:xdc_runtime_Memory_Module__id__C)
                  0000ad22    00000002     empty_pem4f.oem4f (.const:xdc_runtime_SysMin_flushAtExit__C)
                  0000ad24    00000002     empty_pem4f.oem4f (.const:xdc_runtime_Text_charCnt__C)
                  0000ad26    00000002     empty_pem4f.oem4f (.const:xdc_runtime_Text_isLoaded__C)
                  0000ad28    00000002     empty_pem4f.oem4f (.const:xdc_runtime_Text_registryModsLastId__C)
                  0000ad2a    00000002     empty_pem4f.oem4f (.const:xdc_runtime_Text_unnamedModsLastId__C)

.cinit     0    0000ad30    00000c0c     
                  0000ad30    00000bcb     (.cinit..data.load) [load image, compression = rle]
                  0000b8fb    00000005     --HOLE-- [fill = 0]
                  0000b900    0000000b     (.cinit..bss.load) [load image, compression = rle]
                  0000b90b    00000005     --HOLE-- [fill = 0]
                  0000b910    0000000b     (.cinit..vecs.load) [load image, compression = rle]
                  0000b91b    00000001     --HOLE-- [fill = 0]
                  0000b91c    00000008     (__TI_handler_table)
                  0000b924    00000018     (__TI_cinit_table)

.init_array 
*          0    00000000    00000000     UNINITIALIZED

.resetVecs 
*          0    00000000    0000003c     
                  00000000    0000003c     empty_pem4f.oem4f (.resetVecs)

.vecs      0    20000000    00000360     UNINITIALIZED
                  20000000    00000360     empty_pem4f.oem4f (.vecs)

.bss       0    20000360    000016c4     UNINITIALIZED
                  20000360    00000c00     empty_pem4f.oem4f (.bss:taskStackSection)
                  20000f60    00000360     (.common:ti_sysbios_family_arm_m3_Hwi_dispatchTable)
                  200012c0    00000300     (.common:ti_sysbios_heaps_HeapMem_Instance_State_0_buf__A)
                  200015c0    00000200     (.common:ti_uia_loggers_LoggerMin_Module_State_0_packetBuffer__A)
                  200017c0    00000120     rtsv7M4_T_le_v4SPD16_eabi.lib : trgmsg.obj (.bss:_CIOBUF_)
                  200018e0    00000080     (.common:xdc_runtime_SysMin_Module_State_0_outbuf__A)
                  20001960    00000050     (.common:PingBuffer)
                  200019b0    00000050     (.common:PongBuffer)
                  20001a00    00000010     (.common:ADCvalues)
                  20001a10    00000008                                   : trgdrv.obj (.bss:parmbuf)
                  20001a18    00000004     (.common:On_Flag)
                  20001a1c    00000004     (.common:thinLineFound)
                  20001a20    00000004     (.common:userCommand)

.data      0    20001a24    00000dfa     UNINITIALIZED
                  20001a24    00000578     main.obj (.data:starwars)
                  20001f9c    000001f0     main.obj (.data:harrypotter)
                  2000218c    000000e4     empty_pem4f.oem4f (.data:ti_sysbios_knl_Task_Object__table__V)
                  20002270    00000090     empty_pem4f.oem4f (.data:ti_sysbios_knl_Swi_Object__table__V)
                  20002300    00000080     empty_pem4f.oem4f (.data:ti_sysbios_family_arm_lm4_Timer_Object__table__V)
                  20002380    00000080     empty_pem4f.oem4f (.data:ti_sysbios_knl_Swi_Module_State_0_readyQ__A)
                  20002400    00000080     empty_pem4f.oem4f (.data:ti_sysbios_knl_Task_Module_State_0_readyQ__A)
                  20002480    00000060     empty_pem4f.oem4f (.data:ti_sysbios_family_arm_m3_Hwi_Object__table__V)
                  200024e0    00000048     commands.obj (.data:command_funcs)
                  20002528    00000044     empty_pem4f.oem4f (.data:ti_sysbios_knl_Task_Module__state__V)
                  2000256c    00000038     empty_pem4f.oem4f (.data:ti_sysbios_gates_GateMutex_Object__table__V)
                  200025a4    00000034     empty_pem4f.oem4f (.data:ti_sysbios_family_arm_m3_Hwi_Module__state__V)
                  200025d8    00000030     main.obj (.data)
                  20002608    00000030     empty_pem4f.oem4f (.data:ti_sysbios_family_arm_lm4_Timer_Module_State_0_device__A)
                  20002638    0000002c     empty_pem4f.oem4f (.data:ti_sysbios_knl_Clock_Module__state__V)
                  20002664    00000024     empty_pem4f.oem4f (.data:ti_sysbios_BIOS_Module__state__V)
                  20002688    00000022     commands.obj (.data:command_lookup)
                  200026aa    00000002     empty_pem4f.oem4f (.data:ti_sysbios_family_arm_m3_Hwi_Module_State_0_excActive__A)
                  200026ac    00000020     empty_pem4f.oem4f (.data:ti_sysbios_knl_Clock_Object__table__V)
                  200026cc    00000020     empty_pem4f.oem4f (.data:ti_uia_loggers_LoggerMin_Module__state__V)
                  200026ec    0000001c     empty_pem4f.oem4f (.data:ti_sysbios_knl_Swi_Module__state__V)
                  20002708    00000018     empty_pem4f.oem4f (.data:ti_sysbios_family_arm_lm4_Timer_Module_State_0_handles__A)
                  20002720    00000018     empty_pem4f.oem4f (.data:ti_sysbios_heaps_HeapMem_Object__table__V)
                  20002738    00000014     empty_pem4f.oem4f (.data:ti_sysbios_knl_Semaphore_Object__table__V)
                  2000274c    00000010     empty_pem4f.oem4f (.data:ti_sysbios_hal_Hwi_Object__table__V)
                  2000275c    0000000c     rtsv7M4_T_le_v4SPD16_eabi.lib : exit.obj (.data:$O1$$)
                  20002768    0000000c     empty_pem4f.oem4f (.data:ti_sysbios_family_arm_lm4_Timer_Module__state__V)
                  20002774    0000000c     empty_pem4f.oem4f (.data:ti_sysbios_knl_Task_Module__root__V)
                  20002780    0000000c     empty_pem4f.oem4f (.data:xdc_runtime_SysMin_Module__state__V)
                  2000278c    00000008     rtsv7M4_T_le_v4SPD16_eabi.lib : _lock.obj (.data:$O1$$)
                  20002794    00000008     main.obj (.data:SongSizes)
                  2000279c    00000008     main.obj (.data:songs)
                  200027a4    00000008     empty_pem4f.oem4f (.data:ti_sysbios_family_arm_lm4_TimestampProvider_Module__state__V)
                  200027ac    00000008     empty_pem4f.oem4f (.data:ti_sysbios_gates_GateHwi_Module__root__V)
                  200027b4    00000008     empty_pem4f.oem4f (.data:ti_sysbios_gates_GateMutex_Module__root__V)
                  200027bc    00000008     empty_pem4f.oem4f (.data:ti_sysbios_heaps_HeapMem_Module__root__V)
                  200027c4    00000008     empty_pem4f.oem4f (.data:ti_sysbios_knl_Queue_Module__root__V)
                  200027cc    00000008     empty_pem4f.oem4f (.data:ti_sysbios_knl_Semaphore_Module__root__V)
                  200027d4    00000008     empty_pem4f.oem4f (.data:ti_uia_loggers_LoggerMin_Module__root__V)
                  200027dc    00000008     empty_pem4f.oem4f (.data:xdc_runtime_Registry_Module__state__V)
                  200027e4    00000008     empty_pem4f.oem4f (.data:xdc_runtime_Startup_Module__state__V)
                  200027ec    00000008     empty_pem4f.oem4f (.data:xdc_runtime_System_Module_State_0_atexitHandlers__A)
                  200027f4    00000008     empty_pem4f.oem4f (.data:xdc_runtime_System_Module__state__V)
                  200027fc    00000004     rtsv7M4_T_le_v4SPD16_eabi.lib : errno.obj (.data)
                  20002800    00000004                                   : stkdepth_vars.obj (.data)
                  20002804    00000004     empty_pem4f.oem4f (.data:ti_sysbios_family_arm_m3_Hwi_Module_State_0_excContext__A)
                  20002808    00000004     empty_pem4f.oem4f (.data:ti_sysbios_family_arm_m3_Hwi_Module_State_0_excStack__A)
                  2000280c    00000004     empty_pem4f.oem4f (.data:ti_sysbios_gates_GateHwi_Object__table__V)
                  20002810    00000004     empty_pem4f.oem4f (.data:ti_sysbios_knl_Task_Module_State_0_idleTask__A)
                  20002814    00000004     empty_pem4f.oem4f (.data:ti_uia_loggers_LoggerMin_Object__table__V)
                  20002818    00000004     empty_pem4f.oem4f (.data:xdc_runtime_Memory_Module__state__V)
                  2000281c    00000002     empty_pem4f.oem4f (.data:xdc_runtime_Error_Module__state__V)

.stack     0    20002820    00000400     UNINITIALIZED
                  20002820    00000400     --HOLE--

.bootVecs 
*          0    00000000    00000008     DSECT
                  00000000    00000008     boot.aem4f : boot.oem4f (.bootVecs)

xdc.meta   0    00000000    000000e2     COPY SECTION
                  00000000    000000e2     empty_pem4f.oem4f (xdc.meta)

MODULE SUMMARY

       Module                     code    ro data   rw data
       ------                     ----    -------   -------
    .\
       main.obj                   2694    23        2124   
       commands.obj               1012    86        130    
    +--+--------------------------+-------+---------+---------+
       Total:                     3706    109       2254   
                                                           
    C:\Users\Chris\workspace_v6_2\Milestone_1\Debug\configPkg\package\cfg\
       empty_pem4f.oem4f          1790    9649      7692   
    +--+--------------------------+-------+---------+---------+
       Total:                     1790    9649      7692   
                                                           
    C:/ti/tirtos_tivac_2_16_01_14/products/TivaWare_C_Series-2.1.1.71b/driverlib/ccs/Debug/driverlib.lib
       gpio.obj                   526     144       0      
       sysctl.obj                 382     108       0      
       adc.obj                    272     0         0      
       timer.obj                  220     0         0      
       uart.obj                   168     0         0      
       pwm.obj                    140     0         0      
    +--+--------------------------+-------+---------+---------+
       Total:                     1708    252       0      
                                                           
    C:\Users\Chris\workspace_v6_2\Milestone_1\src\sysbios\sysbios.aem4f
       BIOS.obj                   12346   0         0      
       m3_Hwi_asm.obj             314     0         0      
       m3_TaskSupport_asm.obj     180     0         0      
       m3_Hwi_asm_switch.obj      118     0         0      
    +--+--------------------------+-------+---------+---------+
       Total:                     12958   0         0      
                                                           
    C:\ti\ccsv6\tools\compiler\arm_15.12.3.LTS\lib\rtsv7M4_T_le_v4SPD16_eabi.lib
       _printfi.obj               4368    0         0      
       trgdrv.obj                 804     0         8      
       ull_div_t2.obj             500     0         0      
       fd_add_t2.obj              438     0         0      
       trgmsg.obj                 104     0         288    
       fd_div_t2.obj              310     0         0      
       fd_cmp_t2.obj              268     0         0      
       ctype.obj                  0       257       0      
       fd_mul_t2.obj              252     0         0      
       s_scalbn.obj               252     0         0      
       memcpy_t2.obj              156     0         0      
       memset_t2.obj              122     0         0      
       copy_decompress_rle.obj    112     0         0      
       fd_tos_t2.obj              110     0         0      
       s_frexp.obj                100     0         0      
       exit.obj                   84      0         12     
       sprintf.obj                96      0         0      
       ltoa.obj                   86      0         0      
       atoi.obj                   76      0         0      
       cpy_tbl.obj                76      0         0      
       fd_toi_t2.obj              72      0         0      
       u_divt2.obj                64      0         0      
       fs_tod_t2.obj              56      0         0      
       i_tofd_t2.obj              46      0         0      
       u_tofd_t2.obj              32      0         0      
       _lock.obj                  20      0         8      
       memccpy.obj                28      0         0      
       args_main.obj              24      0         0      
       strchr.obj                 22      0         0      
       s_copysign.obj             20      0         0      
       strcpy.obj                 20      0         0      
       strlen.obj                 20      0         0      
       copy_decompress_none.obj   14      0         0      
       errno.obj                  0       0         4      
       stkdepth_vars.obj          0       0         4      
       i_div0.obj                 2       0         0      
    +--+--------------------------+-------+---------+---------+
       Total:                     8754    257       324    
                                                           
    C:\ti\tirtos_tivac_2_16_01_14\products\bios_6_45_02_31\packages\ti\catalog\arm\cortexm4\tiva\ce\lib\Boot.aem4f
       Boot_sysctl.oem4f          262     0         0      
       Boot.oem4f                 152     0         0      
    +--+--------------------------+-------+---------+---------+
       Total:                     414     0         0      
                                                           
    C:\ti\tirtos_tivac_2_16_01_14\products\bios_6_45_02_31\packages\ti\targets\arm\rtsarm\lib\auto_init.aem4f
       auto_init.oem4f            160     0         0      
    +--+--------------------------+-------+---------+---------+
       Total:                     160     0         0      
                                                           
    C:\ti\tirtos_tivac_2_16_01_14\products\bios_6_45_02_31\packages\ti\targets\arm\rtsarm\lib\boot.aem4f
       boot.oem4f                 88      0         0      
    +--+--------------------------+-------+---------+---------+
       Total:                     88      0         0      
                                                           
    C:\ti\tirtos_tivac_2_16_01_14\products\bios_6_45_02_31\packages\ti\targets\arm\rtsarm\lib\ti.targets.arm.rtsarm.aem4f
       System.oem4f               1255    0         0      
       Text.oem4f                 672     0         0      
       Error.oem4f                524     0         0      
       Core-mem.oem4f             358     0         0      
       Startup.oem4f              328     0         0      
       SysMin.oem4f               248     0         0      
       Core-smem.oem4f            204     0         0      
       Memory.oem4f               176     0         0      
       Assert.oem4f               84      0         0      
       Core-params.oem4f          70      0         0      
       Core-label.oem4f           52      0         0      
       Registry.oem4f             32      0         0      
       Gate.oem4f                 28      0         0      
    +--+--------------------------+-------+---------+---------+
       Total:                     4031    0         0      
                                                           
    C:\ti\tirtos_tivac_2_16_01_14\products\uia_2_00_05_50\packages\ti\uia\loggers\lib\release\ti.uia.loggers.aem4f
       LoggerMin.oem4f            284     0         0      
    +--+--------------------------+-------+---------+---------+
       Total:                     284     0         0      
                                                           
       Stack:                     0       0         1024   
       Linker Generated:          0       3073      0      
    +--+--------------------------+-------+---------+---------+
       Grand Total:               33893   13340     11294  


LINKER GENERATED COPY TABLES

__TI_cinit_table @ 0000b924 records: 3, size/record: 8, table size: 24
	.data: load addr=0000ad30, load size=00000bcb bytes, run addr=20001a24, run size=00000dfa bytes, compression=rle
	.bss: load addr=0000b900, load size=0000000b bytes, run addr=20000360, run size=000016c4 bytes, compression=rle
	.vecs: load addr=0000b910, load size=0000000b bytes, run addr=20000000, run size=00000360 bytes, compression=rle


LINKER GENERATED HANDLER TABLE

__TI_handler_table @ 0000b91c records: 2, size/record: 4, table size: 8
	index: 0, handler: __TI_decompress_rle24
	index: 1, handler: __TI_decompress_none


GLOBAL SYMBOLS: SORTED ALPHABETICALLY BY Name 

address   name                                                              
-------   ----                                                              
[...]
0000aad8  ti_catalog_arm_cortexm4_tiva_ce_Boot_Module__diagsEnabled__C      
0000aadc  ti_catalog_arm_cortexm4_tiva_ce_Boot_Module__diagsIncluded__C     
0000aae0  ti_catalog_arm_cortexm4_tiva_ce_Boot_Module__diagsMask__C         
0000aae4  ti_sysbios_family_arm_lm4_Timer_enableFunc__C                     
0000aae8  ti_sysbios_family_arm_lm4_Timer_numTimerDevices__C                
0000aaec  ti_sysbios_family_arm_lm4_Timer_startupNeeded__C                  
0000aaf0  ti_sysbios_family_arm_m3_Hwi_E_NMI__C                             
0000aaf4  ti_sysbios_family_arm_m3_Hwi_E_busFault__C                        
0000aaf8  ti_sysbios_family_arm_m3_Hwi_E_debugMon__C                        
0000aafc  ti_sysbios_family_arm_m3_Hwi_E_hardFault__C                       
0000ab00  ti_sysbios_family_arm_m3_Hwi_E_memFault__C                        
0000ab04  ti_sysbios_family_arm_m3_Hwi_E_noIsr__C                           
0000ab08  ti_sysbios_family_arm_m3_Hwi_E_reserved__C                        
0000ab0c  ti_sysbios_family_arm_m3_Hwi_E_svCall__C                          
0000ab10  ti_sysbios_family_arm_m3_Hwi_E_usageFault__C                      
0000ab14  ti_sysbios_family_arm_m3_Hwi_LD_end__C                            
0000ab18  ti_sysbios_family_arm_m3_Hwi_LM_begin__C                          
0000ab1c  ti_sysbios_family_arm_m3_Hwi_Module__diagsEnabled__C              
0000ab20  ti_sysbios_family_arm_m3_Hwi_Module__diagsIncluded__C             
0000ab24  ti_sysbios_family_arm_m3_Hwi_Module__diagsMask__C                 
0000ab28  ti_sysbios_family_arm_m3_Hwi_Module__loggerFxn1__C                
0000ab2c  ti_sysbios_family_arm_m3_Hwi_Module__loggerFxn8__C                
0000ab30  ti_sysbios_family_arm_m3_Hwi_Module__loggerObj__C                 
0000ab34  ti_sysbios_family_arm_m3_Hwi_NUM_INTERRUPTS__C                    
0000ab38  ti_sysbios_family_arm_m3_Hwi_Object__count__C                     
0000ab3c  ti_sysbios_family_arm_m3_Hwi_ccr__C                               
0000ab40  ti_sysbios_family_arm_m3_Hwi_excHandlerFunc__C                    
0000ab44  ti_sysbios_family_arm_m3_Hwi_excHookFuncs__C                      
0000ab48  ti_sysbios_family_arm_m3_Hwi_nullIsrFunc__C                       
0000ab4c  ti_sysbios_family_arm_m3_Hwi_priGroup__C                          
0000ab50  ti_sysbios_gates_GateMutex_A_badContext__C                        
0000ab54  ti_sysbios_gates_GateMutex_Instance_State_sem__O                  
0000ab58  ti_sysbios_gates_GateMutex_Module__diagsEnabled__C                
0000ab5c  ti_sysbios_gates_GateMutex_Module__diagsIncluded__C               
0000ab60  ti_sysbios_gates_GateMutex_Module__diagsMask__C                   
0000ab64  ti_sysbios_hal_Hwi_E_stackOverflow__C                             
0000ab68  ti_sysbios_heaps_HeapMem_A_align__C                               
0000ab6c  ti_sysbios_heaps_HeapMem_A_heapSize__C                            
0000ab70  ti_sysbios_heaps_HeapMem_A_invalidFree__C                         
0000ab74  ti_sysbios_heaps_HeapMem_A_zeroBlock__C                           
0000ab78  ti_sysbios_heaps_HeapMem_E_memory__C                              
0000ab7c  ti_sysbios_heaps_HeapMem_Module__diagsEnabled__C                  
0000ab80  ti_sysbios_heaps_HeapMem_Module__diagsIncluded__C                 
0000ab84  ti_sysbios_heaps_HeapMem_Module__diagsMask__C                     
0000ab88  ti_sysbios_heaps_HeapMem_Module__gateObj__C                       
0000ab8c  ti_sysbios_heaps_HeapMem_Object__count__C                         
0000ab90  ti_sysbios_heaps_HeapMem_reqAlign__C                              
0000ab94  ti_sysbios_knl_Clock_LM_begin__C                                  
0000ab98  ti_sysbios_knl_Clock_LM_tick__C                                   
0000ab9c  ti_sysbios_knl_Clock_LW_delayed__C                                
0000aba0  ti_sysbios_knl_Clock_Module_State_clockQ__O                       
0000aba4  ti_sysbios_knl_Clock_Module__diagsEnabled__C                      
0000aba8  ti_sysbios_knl_Clock_Module__diagsIncluded__C                     
0000abac  ti_sysbios_knl_Clock_Module__diagsMask__C                         
0000abb0  ti_sysbios_knl_Clock_Module__loggerFxn1__C                        
0000abb4  ti_sysbios_knl_Clock_Module__loggerFxn2__C                        
0000abb8  ti_sysbios_knl_Clock_Module__loggerObj__C                         
0000abbc  ti_sysbios_knl_Idle_funcList__A                                   
0000abc0  ti_sysbios_knl_Semaphore_A_badContext__C                          
0000abc4  ti_sysbios_knl_Semaphore_A_noEvents__C                            
0000abc8  ti_sysbios_knl_Semaphore_A_overflow__C                            
0000abcc  ti_sysbios_knl_Semaphore_A_pendTaskDisabled__C                    
0000abd0  ti_sysbios_knl_Semaphore_Instance_State_pendQ__O                  
0000abd4  ti_sysbios_knl_Semaphore_LM_pend__C                               
0000abd8  ti_sysbios_knl_Semaphore_LM_post__C                               
0000abdc  ti_sysbios_knl_Semaphore_Module__diagsEnabled__C                  
0000abe0  ti_sysbios_knl_Semaphore_Module__diagsIncluded__C                 
0000abe4  ti_sysbios_knl_Semaphore_Module__diagsMask__C                     
0000abe8  ti_sysbios_knl_Semaphore_Module__loggerFxn2__C                    
0000abec  ti_sysbios_knl_Semaphore_Module__loggerFxn4__C                    
0000abf0  ti_sysbios_knl_Semaphore_Module__loggerObj__C                     
0000abf4  ti_sysbios_knl_Swi_LD_end__C                                      
0000abf8  ti_sysbios_knl_Swi_LM_begin__C                                    
0000abfc  ti_sysbios_knl_Swi_LM_post__C                                     
0000ac00  ti_sysbios_knl_Swi_Module__diagsEnabled__C                        
0000ac04  ti_sysbios_knl_Swi_Module__diagsIncluded__C                       
0000ac08  ti_sysbios_knl_Swi_Module__diagsMask__C                           
0000ac0c  ti_sysbios_knl_Swi_Module__loggerFxn1__C                          
0000ac10  ti_sysbios_knl_Swi_Module__loggerFxn4__C                          
0000ac14  ti_sysbios_knl_Swi_Module__loggerObj__C                           
0000ac18  ti_sysbios_knl_Swi_Object__count__C                               
0000ac1c  ti_sysbios_knl_Task_A_badTimeout__C                               
0000ac20  ti_sysbios_knl_Task_A_sleepTaskDisabled__C                        
0000ac24  ti_sysbios_knl_Task_E_spOutOfBounds__C                            
0000ac28  ti_sysbios_knl_Task_E_stackOverflow__C                            
0000ac2c  ti_sysbios_knl_Task_LD_block__C                                   
0000ac30  ti_sysbios_knl_Task_LD_exit__C                                    
0000ac34  ti_sysbios_knl_Task_LD_ready__C                                   
0000ac38  ti_sysbios_knl_Task_LM_sleep__C                                   
0000ac3c  ti_sysbios_knl_Task_LM_switch__C                                  
0000ac40  ti_sysbios_knl_Task_Module_State_inactiveQ__O                     
0000ac44  ti_sysbios_knl_Task_Module__diagsEnabled__C                       
0000ac48  ti_sysbios_knl_Task_Module__diagsIncluded__C                      
0000ac4c  ti_sysbios_knl_Task_Module__diagsMask__C                          
0000ac50  ti_sysbios_knl_Task_Module__loggerFxn2__C                         
0000ac54  ti_sysbios_knl_Task_Module__loggerFxn4__C                         
0000ac58  ti_sysbios_knl_Task_Module__loggerObj__C                          
0000ac5c  ti_sysbios_knl_Task_Object__count__C                              
0000ac60  ti_sysbios_knl_Task_allBlockedFunc__C                             
0000ac64  ti_sysbios_knl_Task_numConstructedTasks__C                        
0000ac68  xdc_runtime_Assert_E_assertFailed__C                              
0000ac6c  xdc_runtime_Core_A_initializedParams__C                           
0000ac70  xdc_runtime_Core_Module__diagsEnabled__C                          
0000ac74  xdc_runtime_Core_Module__diagsIncluded__C                         
0000ac78  xdc_runtime_Core_Module__diagsMask__C                             
0000ac7c  xdc_runtime_Error_E_memory__C                                     
0000ac80  xdc_runtime_Error_Module__diagsEnabled__C                         
0000ac84  xdc_runtime_Error_Module__diagsIncluded__C                        
0000ac88  xdc_runtime_Error_Module__diagsMask__C                            
0000ac8c  xdc_runtime_Error_Module__loggerFxn8__C                           
0000ac90  xdc_runtime_Error_Module__loggerObj__C                            
0000ac94  xdc_runtime_Error_policyFxn__C                                    
0000ac98  xdc_runtime_Error_raiseHook__C                                    
0000ac9c  xdc_runtime_IGateProvider_Interface__BASE__C                      
0000aca0  xdc_runtime_IHeap_Interface__BASE__C                              
0000aca4  xdc_runtime_ILogger_Interface__BASE__C                            
0000aca8  xdc_runtime_IModule_Interface__BASE__C                            
0000acac  xdc_runtime_Log_L_error__C                                        
0000acb0  xdc_runtime_Memory_defaultHeapInstance__C                         
0000acb4  xdc_runtime_Startup_execImpl__C                                   
0000acb8  xdc_runtime_Startup_lastFxns__A                                   
0000acbc  xdc_runtime_Startup_maxPasses__C                                  
0000acc0  xdc_runtime_Startup_sfxnRts__C                                    
0000acc4  xdc_runtime_Startup_sfxnTab__C                                    
0000acc8  xdc_runtime_SysMin_bufSize__C                                     
0000accc  xdc_runtime_SysMin_outputFunc__C                                  
0000acd0  xdc_runtime_System_Module__gateObj__C                             
0000acd4  xdc_runtime_System_abortFxn__C                                    
0000acd8  xdc_runtime_System_exitFxn__C                                     
0000acdc  xdc_runtime_System_extendFxn__C                                   
0000ace0  xdc_runtime_System_maxAtexitHandlers__C                           
0000ace4  xdc_runtime_Text_charTab__C                                       
0000ace8  xdc_runtime_Text_nameEmpty__C                                     
0000acec  xdc_runtime_Text_nameStatic__C                                    
0000acf0  xdc_runtime_Text_nameUnknown__C                                   
0000acf4  xdc_runtime_Text_nodeTab__C                                       
0000acf8  xdc_runtime_Text_visitRopeFxn__C                                  
0000ad00  ti_sysbios_family_arm_m3_Hwi_Module__id__C                        
0000ad02  ti_sysbios_family_arm_m3_Hwi_Module__loggerDefined__C             
0000ad04  ti_sysbios_gates_GateMutex_Module__id__C                          
0000ad06  ti_sysbios_hal_Hwi_Module__id__C                                  
0000ad08  ti_sysbios_heaps_HeapMem_Module__id__C                            
0000ad0a  ti_sysbios_knl_Clock_Module__id__C                                
0000ad0c  ti_sysbios_knl_Clock_Module__loggerDefined__C                     
0000ad0e  ti_sysbios_knl_Semaphore_Module__id__C                            
0000ad10  ti_sysbios_knl_Semaphore_Module__loggerDefined__C                 
0000ad12  ti_sysbios_knl_Swi_Module__id__C                                  
0000ad14  ti_sysbios_knl_Swi_Module__loggerDefined__C                       
0000ad16  ti_sysbios_knl_Task_Module__id__C                                 
0000ad18  ti_sysbios_knl_Task_Module__loggerDefined__C                      
0000ad1a  xdc_runtime_Core_Module__id__C                                    
0000ad1c  xdc_runtime_Error_Module__loggerDefined__C                        
0000ad1e  xdc_runtime_Error_maxDepth__C                                     
0000ad20  xdc_runtime_Memory_Module__id__C                                  
0000ad22  xdc_runtime_SysMin_flushAtExit__C                                 
0000ad24  xdc_runtime_Text_charCnt__C                                       
0000ad26  xdc_runtime_Text_isLoaded__C                                      
0000ad28  xdc_runtime_Text_registryModsLastId__C                            
0000ad2a  xdc_runtime_Text_unnamedModsLastId__C                             
0000ad30  __TI_static_base__                                                
0000b91c  __TI_Handler_Table_Base                                           
0000b924  __TI_CINIT_Base                                                   
0000b924  __TI_Handler_Table_Limit                                          
0000b93c  __TI_CINIT_Limit                                                  
20000000  ti_sysbios_family_arm_m3_Hwi_ramVectors                           
20000360  ti_sysbios_knl_Task_Instance_State_0_stack__A                     
20000560  ti_sysbios_knl_Task_Instance_State_1_stack__A                     
20000d60  ti_sysbios_knl_Task_Instance_State_2_stack__A                     
20000f60  ti_sysbios_family_arm_m3_Hwi_dispatchTable                        
200012c0  ti_sysbios_heaps_HeapMem_Instance_State_0_buf__A                  
200015c0  ti_uia_loggers_LoggerMin_Module_State_0_packetBuffer__A           
200017c0  __CIOBUF_                                                         
200018e0  xdc_runtime_SysMin_Module_State_0_outbuf__A                       
20001960  PingBuffer                                                        
200019b0  PongBuffer                                                        
20001a00  ADCvalues                                                         
20001a18  On_Flag                                                           
20001a1c  thinLineFound                                                     
20001a20  userCommand                                                       
20001a24  starwars                                                          
20001f9c  harrypotter                                                       
2000218c  ti_sysbios_knl_Task_Object__table__V                              
20002270  ti_sysbios_knl_Swi_Object__table__V                               
20002300  ti_sysbios_family_arm_lm4_Timer_Object__table__V                  
20002380  ti_sysbios_knl_Swi_Module_State_0_readyQ__A                       
20002400  ti_sysbios_knl_Task_Module_State_0_readyQ__A                      
20002480  ti_sysbios_family_arm_m3_Hwi_Object__table__V                     
200024e0  command_funcs                                                     
20002528  ti_sysbios_knl_Task_Module__state__V                              
2000256c  ti_sysbios_gates_GateMutex_Object__table__V                       
200025a4  ti_sysbios_family_arm_m3_Hwi_Module__state__V                     
200025d8  NumOfSongs                                                        
200025dc  totalSummation                                                    
200025e0  wall_errorPrev                                                    
200025e4  turningFlag                                                       
200025e8  Wall_PID_On_Flag                                                  
200025ec  PingPongSwitch                                                    
200025f0  PingPongIncr                                                      
200025f4  everyOtherPID                                                     
200025f8  mazeTimer                                                         
200025fc  blackThreshold                                                    
20002600  blackCount                                                        
20002604  audoNoTimeOut                                                     
20002608  ti_sysbios_family_arm_lm4_Timer_Module_State_0_device__A          
20002638  ti_sysbios_knl_Clock_Module__state__V                             
20002664  ti_sysbios_BIOS_Module__state__V                                  
20002688  command_lookup                                                    
200026aa  ti_sysbios_family_arm_m3_Hwi_Module_State_0_excActive__A          
200026ac  ti_sysbios_knl_Clock_Object__table__V                             
200026cc  ti_uia_loggers_LoggerMin_Module__state__V                         
200026ec  ti_sysbios_knl_Swi_Module__state__V                               
20002708  ti_sysbios_family_arm_lm4_Timer_Module_State_0_handles__A         
20002720  ti_sysbios_heaps_HeapMem_Object__table__V                         
20002738  ti_sysbios_knl_Semaphore_Object__table__V                         
2000274c  ti_sysbios_hal_Hwi_Object__table__V                               
2000275c  __TI_cleanup_ptr                                                  
20002760  __TI_dtors_ptr                                                    
20002764  __TI_enable_exit_profile_output                                   
20002768  ti_sysbios_family_arm_lm4_Timer_Module__state__V                  
20002774  ti_sysbios_knl_Task_Module__root__V                               
20002780  xdc_runtime_SysMin_Module__state__V                               
2000278c  _lock                                                             
20002790  _unlock                                                           
20002794  SongSizes                                                         
2000279c  songs                                                             
200027a4  ti_sysbios_family_arm_lm4_TimestampProvider_Module__state__V      
200027ac  ti_sysbios_gates_GateHwi_Module__root__V                          
200027b4  ti_sysbios_gates_GateMutex_Module__root__V                        
200027bc  ti_sysbios_heaps_HeapMem_Module__root__V                          
200027c4  ti_sysbios_knl_Queue_Module__root__V                              
200027cc  ti_sysbios_knl_Semaphore_Module__root__V                          
200027d4  ti_uia_loggers_LoggerMin_Module__root__V                          
200027dc  xdc_runtime_Registry_Module__state__V                             
200027e4  xdc_runtime_Startup_Module__state__V                              
200027ec  xdc_runtime_System_Module_State_0_atexitHandlers__A               
200027f4  xdc_runtime_System_Module__state__V                               
200027fc  errno                                                             
20002800  main_func_sp                                                      
20002804  ti_sysbios_family_arm_m3_Hwi_Module_State_0_excContext__A         
20002808  ti_sysbios_family_arm_m3_Hwi_Module_State_0_excStack__A           
2000280c  ti_sysbios_gates_GateHwi_Object__table__V                         
20002810  ti_sysbios_knl_Task_Module_State_0_idleTask__A                    
20002814  ti_uia_loggers_LoggerMin_Object__table__V                         
20002818  xdc_runtime_Memory_Module__state__V                               
2000281c  xdc_runtime_Error_Module__state__V                                
20002820  __stack                                                           
20002c20  __STACK_END                                                       
e000e000  ti_sysbios_family_arm_m3_Hwi_nvic                                 
ffffffff  __TI_pprof_out_hndl                                               
ffffffff  __TI_prof_data_size                                               
ffffffff  __TI_prof_data_start                                              
ffffffff  __binit__                                                         
ffffffff  __c_args__                                                        
ffffffff  binit                                                             
UNDEFED   SHT$$INIT_ARRAY$$Base                                             
UNDEFED   SHT$$INIT_ARRAY$$Limit                                            

[714 symbols]
